Component: ARM Compiler 5.06 update 6 (build 750) Tool: armlink [4d35ed]

==============================================================================

Section Cross References

    main.o(i.AppInit) refers to systick_drv.o(i.TaskScheduleCbReg) for TaskScheduleCbReg
    main.o(i.AppInit) refers to store_app.o(i.InitSysParam) for InitSysParam
    main.o(i.AppInit) refers to modbus_app.o(i.ModbusAppInit) for ModbusAppInit
    main.o(i.AppInit) refers to main.o(i.TaskScheduleCb) for TaskScheduleCb
    main.o(i.DrvInit) refers to led_drv.o(i.LedDrvInit) for LedDrvInit
    main.o(i.DrvInit) refers to key_drv.o(i.KeyDrvInit) for KeyDrvInit
    main.o(i.DrvInit) refers to integrator_drv.o(i.TriggerDrvInit) for TriggerDrvInit
    main.o(i.DrvInit) refers to rtc_drv.o(i.RtcDrvInit) for RtcDrvInit
    main.o(i.DrvInit) refers to sensor_drv.o(i.SensorDrvInit) for SensorDrvInit
    main.o(i.DrvInit) refers to delay.o(i.DelayInit) for DelayInit
    main.o(i.DrvInit) refers to eeprom_drv.o(i.EepromDrvInit) for EepromDrvInit
    main.o(i.DrvInit) refers to eeprom_drv.o(i.I2c_CheckDevice) for I2c_CheckDevice
    main.o(i.DrvInit) refers to max7219_drv.o(i.Max7219Init) for Max7219Init
    main.o(i.DrvInit) refers to integrator_drv.o(i.SurgeChannelAdc_Init) for SurgeChannelAdc_Init
    main.o(i.TaskHandler) refers to main.o(.data) for g_taskComps
    main.o(i.TaskScheduleCb) refers to main.o(.data) for g_taskComps
    main.o(i.main) refers to systick_drv.o(i.SysTick_Init) for SysTick_Init
    main.o(i.main) refers to main.o(i.DrvInit) for DrvInit
    main.o(i.main) refers to main.o(i.AppInit) for AppInit
    main.o(i.main) refers to main.o(i.TaskHandler) for TaskHandler
    main.o(.data) refers to store_app.o(i.StoreTask) for StoreTask
    main.o(.data) refers to sensor_app.o(i.Sensor_Task) for Sensor_Task
    main.o(.data) refers to modbus_app.o(i.ModbusTask) for ModbusTask
    main.o(.data) refers to hmi_app.o(i.Hmi_Task) for Hmi_Task
    sensor_app.o(i.Sensor_Task) refers to sensor_drv.o(i.SensorDrvProc) for SensorDrvProc
    store_app.o(i.GetLightNumData) refers to store_app.o(.bss) for g_SurgeParamCurrent
    store_app.o(i.GetModbusAddrData) refers to store_app.o(.bss) for g_sysParamCurrent
    store_app.o(i.GetModbusBaudData) refers to store_app.o(.bss) for g_sysParamCurrent
    store_app.o(i.InitSysParam) refers to store_app.o(i.ReadSysParam) for ReadSysParam
    store_app.o(i.InitSysParam) refers to mb.o(i.eMBSetSlaveAddr) for eMBSetSlaveAddr
    store_app.o(i.InitSysParam) refers to store_app.o(.bss) for g_sysParamCurrent
    store_app.o(i.InitSysParam) refers to store_app.o(.constdata) for g_sysParamDefault
    store_app.o(i.ReadDataWithCheck) refers to eeprom_drv.o(i.ReadEepromData) for ReadEepromData
    store_app.o(i.ReadDataWithCheck) refers to store_app.o(i.CalcCrc8) for CalcCrc8
    store_app.o(i.ReadSysParam) refers to store_app.o(i.ReadDataWithCheck) for ReadDataWithCheck
    store_app.o(i.RecordLightningProc) refers to rtc_drv.o(i.GetRtcTime) for GetRtcTime
    store_app.o(i.RecordLightningProc) refers to integrator_drv.o(i.GetPeakCurData) for GetPeakCurData
    store_app.o(i.RecordLightningProc) refers to fmul.o(.text) for __aeabi_fmul
    store_app.o(i.RecordLightningProc) refers to ffixui.o(.text) for __aeabi_f2uiz
    store_app.o(i.RecordLightningProc) refers to stm32f10x_usart.o(i.USART_ClearFlag) for USART_ClearFlag
    store_app.o(i.RecordLightningProc) refers to stm32f10x_usart.o(i.USART_SendData) for USART_SendData
    store_app.o(i.RecordLightningProc) refers to stm32f10x_usart.o(i.USART_GetFlagStatus) for USART_GetFlagStatus
    store_app.o(i.RecordLightningProc) refers to store_app.o(i.StoreSurgeNum) for StoreSurgeNum
    store_app.o(i.RecordLightningProc) refers to store_app.o(i.StoreSurgeParam) for StoreSurgeParam
    store_app.o(i.RecordLightningProc) refers to integrator_drv.o(.data) for LEIJICISHU_flag
    store_app.o(i.RecordLightningProc) refers to store_app.o(.bss) for g_SurgeParamCurrent
    store_app.o(i.RecordLightningProc) refers to store_app.o(.data) for NUM
    store_app.o(i.SetModbusAddrParam) refers to mb.o(i.eMBSetSlaveAddr) for eMBSetSlaveAddr
    store_app.o(i.SetModbusAddrParam) refers to store_app.o(i.WriteSysParam) for WriteSysParam
    store_app.o(i.SetModbusAddrParam) refers to store_app.o(.bss) for g_sysParamCurrent
    store_app.o(i.SetModbusBaudParam) refers to store_app.o(i.WriteSysParam) for WriteSysParam
    store_app.o(i.SetModbusBaudParam) refers to store_app.o(.bss) for g_sysParamCurrent
    store_app.o(i.StoreSurgeNum) refers to store_app.o(i.WriteSysParam) for WriteSysParam
    store_app.o(i.StoreSurgeNum) refers to store_app.o(.bss) for g_sysParamCurrent
    store_app.o(i.StoreSurgeParam) refers to eeprom_drv.o(i.WriteEepromData) for WriteEepromData
    store_app.o(i.StoreTask) refers to store_app.o(i.RecordLightningProc) for RecordLightningProc
    store_app.o(i.StoreTask) refers to led_drv.o(i.ToggleLed) for ToggleLed
[...]
    i.RCC_GetClocksFreq                      0x080020ac   Section        0  stm32f10x_rcc.o(i.RCC_GetClocksFreq)
    i.RCC_GetFlagStatus                      0x08002180   Section        0  stm32f10x_rcc.o(i.RCC_GetFlagStatus)
    i.RCC_LSEConfig                          0x080021bc   Section        0  stm32f10x_rcc.o(i.RCC_LSEConfig)
    i.RCC_RTCCLKCmd                          0x080021f0   Section        0  stm32f10x_rcc.o(i.RCC_RTCCLKCmd)
    i.RCC_RTCCLKConfig                       0x080021fc   Section        0  stm32f10x_rcc.o(i.RCC_RTCCLKConfig)
    i.RTC_EnterConfigMode                    0x0800220c   Section        0  stm32f10x_rtc.o(i.RTC_EnterConfigMode)
    i.RTC_ExitConfigMode                     0x08002220   Section        0  stm32f10x_rtc.o(i.RTC_ExitConfigMode)
    i.RTC_GetCounter                         0x08002234   Section        0  stm32f10x_rtc.o(i.RTC_GetCounter)
    i.RTC_SetCounter                         0x08002248   Section        0  stm32f10x_rtc.o(i.RTC_SetCounter)
    i.RTC_SetPrescaler                       0x08002264   Section        0  stm32f10x_rtc.o(i.RTC_SetPrescaler)
    i.RTC_WaitForLastTask                    0x08002284   Section        0  stm32f10x_rtc.o(i.RTC_WaitForLastTask)
    i.RTC_WaitForSynchro                     0x08002298   Section        0  stm32f10x_rtc.o(i.RTC_WaitForSynchro)
    i.ReadDataWithCheck                      0x080022bc   Section        0  store_app.o(i.ReadDataWithCheck)
    ReadDataWithCheck                        0x080022bd   Thumb Code    54  store_app.o(i.ReadDataWithCheck)
    i.ReadEepromData                         0x080022f2   Section        0  eeprom_drv.o(i.ReadEepromData)
    i.ReadRegsCb                             0x08002370   Section        0  modbus_app.o(i.ReadRegsCb)
    ReadRegsCb                               0x08002371   Thumb Code   102  modbus_app.o(i.ReadRegsCb)
    i.ReadSysParam                           0x080023dc   Section        0  store_app.o(i.ReadSysParam)
    ReadSysParam                             0x080023dd   Thumb Code    42  store_app.o(i.ReadSysParam)
    i.RecordLightningProc                    0x08002408   Section        0  store_app.o(i.RecordLightningProc)
    RecordLightningProc                      0x08002409   Thumb Code   124  store_app.o(i.RecordLightningProc)
    i.RtcDrvInit                             0x08002498   Section        0  rtc_drv.o(i.RtcDrvInit)
    i.SVC_Handler                            0x08002554   Section        0  stm32f10x_it.o(i.SVC_Handler)
    i.SensorDrvInit                          0x08002556   Section        0  sensor_drv.o(i.SensorDrvInit)
    i.SensorDrvProc                          0x08002562   Section        0  sensor_drv.o(i.SensorDrvProc)
    i.Sensor_Task                            0x0800256e   Section        0  sensor_app.o(i.Sensor_Task)
    i.SetModbusAddrParam                     0x08002578   Section        0  store_app.o(i.SetModbusAddrParam)
    i.SetModbusBaudParam                     0x080025cc   Section        0  store_app.o(i.SetModbusBaudParam)
    i.SetSysClock                            0x08002608   Section        0  system_stm32f10x.o(i.SetSysClock)
    SetSysClock                              0x08002609   Thumb Code     8  system_stm32f10x.o(i.SetSysClock)
    i.SetSysClockTo72                        0x08002610   Section        0  system_stm32f10x.o(i.SetSysClockTo72)
    SetSysClockTo72                          0x08002611   Thumb Code   214  system_stm32f10x.o(i.SetSysClockTo72)
    i.StoreSurgeNum                          0x080026f0   Section        0  store_app.o(i.StoreSurgeNum)
    StoreSurgeNum                            0x080026f1   Thumb Code    58  store_app.o(i.StoreSurgeNum)
    i.StoreSurgeParam                        0x08002730   Section        0  store_app.o(i.StoreSurgeParam)
    StoreSurgeParam                          0x08002731   Thumb Code    50  store_app.o(i.StoreSurgeParam)
    i.StoreTask                              0x08002762   Section        0  store_app.o(i.StoreTask)
    i.SurgeAdcInit                           0x08002770   Section        0  integrator_drv.o(i.SurgeAdcInit)
    SurgeAdcInit                             0x08002771   Thumb Code   142  integrator_drv.o(i.SurgeAdcInit)
    i.SurgeChannelAdc_Init                   0x08002804   Section        0  integrator_drv.o(i.SurgeChannelAdc_Init)
    i.SurgeGpioInit                          0x08002814   Section        0  integrator_drv.o(i.SurgeGpioInit)
    SurgeGpioInit                            0x08002815   Thumb Code    32  integrator_drv.o(i.SurgeGpioInit)
    i.SwitchInit                             0x08002838   Section        0  portserial.o(i.SwitchInit)
    SwitchInit                               0x08002839   Thumb Code    40  portserial.o(i.SwitchInit)
    i.SysTick_Handler                        0x08002864   Section        0  systick_drv.o(i.SysTick_Handler)
    i.SysTick_Init                           0x08002894   Section        0  systick_drv.o(i.SysTick_Init)
    i.SystemInit                             0x080028fc   Section        0  system_stm32f10x.o(i.SystemInit)
    i.TIM5_IRQHandler                        0x0800295c   Section        0  porttimer.o(i.TIM5_IRQHandler)
    i.TIM_ClearFlag                          0x08002984   Section        0  stm32f10x_tim.o(i.TIM_ClearFlag)
    i.TIM_ClearITPendingBit                  0x0800298a   Section        0  stm32f10x_tim.o(i.TIM_ClearITPendingBit)
    i.TIM_Cmd                                0x08002990   Section        0  stm32f10x_tim.o(i.TIM_Cmd)
    i.TIM_DeInit                             0x080029a8   Section        0  stm32f10x_tim.o(i.TIM_DeInit)
    i.TIM_GetITStatus                        0x08002b90   Section        0  stm32f10x_tim.o(i.TIM_GetITStatus)
    i.TIM_ITConfig                           0x08002bb2   Section        0  stm32f10x_tim.o(i.TIM_ITConfig)
    i.TIM_SetCounter                         0x08002bc4   Section        0  stm32f10x_tim.o(i.TIM_SetCounter)
    i.TIM_TimeBaseInit                       0x08002bc8   Section        0  stm32f10x_tim.o(i.TIM_TimeBaseInit)
    i.TaskHandler                            0x08002c6c   Section        0  main.o(i.TaskHandler)
    TaskHandler                              0x08002c6d   Thumb Code    52  main.o(i.TaskHandler)
    i.TaskScheduleCb                         0x08002ca4   Section        0  main.o(i.TaskScheduleCb)
    TaskScheduleCb                           0x08002ca5   Thumb Code    98  main.o(i.TaskScheduleCb)
    i.TaskScheduleCbReg                      0x08002d0c   Section        0  systick_drv.o(i.TaskScheduleCbReg)
    i.TempSensorProc                         0x08002d18   Section        0  dht11_drv.o(i.TempSensorProc)
    i.ToggleLed                              0x08002d20   Section        0  led_drv.o(i.ToggleLed)
    i.TriggerDrvInit                         0x08002d74   Section        0  integrator_drv.o(i.TriggerDrvInit)
    i.TriggerExtiInit                        0x08002d80   Section        0  integrator_drv.o(i.TriggerExtiInit)
    TriggerExtiInit                          0x08002d81   Thumb Code    88  integrator_drv.o(i.TriggerExtiInit)
    i.TriggerGpioInit                        0x08002dd8   Section        0  integrator_drv.o(i.TriggerGpioInit)
    TriggerGpioInit                          0x08002dd9   Thumb Code    34  integrator_drv.o(i.TriggerGpioInit)
    i.TurnOffLed                             0x08002e00   Section        0  led_drv.o(i.TurnOffLed)
    i.TurnOnLed                              0x08002e30   Section        0  led_drv.o(i.TurnOnLed)
    i.USART1_IRQHandler                      0x08002e60   Section        0  portserial.o(i.USART1_IRQHandler)
    i.USART_ClearFlag                        0x08002ea4   Section        0  stm32f10x_usart.o(i.USART_ClearFlag)
    i.USART_ClearITPendingBit                0x08002eb6   Section        0  stm32f10x_usart.o(i.USART_ClearITPendingBit)
    i.USART_Cmd                              0x08002ed4   Section        0  stm32f10x_usart.o(i.USART_Cmd)
    i.USART_DeInit                           0x08002eec   Section        0  stm32f10x_usart.o(i.USART_DeInit)
    i.USART_GetFlagStatus                    0x08002f88   Section        0  stm32f10x_usart.o(i.USART_GetFlagStatus)
    i.USART_GetITStatus                      0x08002fa2   Section        0  stm32f10x_usart.o(i.USART_GetITStatus)
    i.USART_ITConfig                         0x08002ff6   Section        0  stm32f10x_usart.o(i.USART_ITConfig)
    i.USART_Init                             0x08003040   Section        0  stm32f10x_usart.o(i.USART_Init)
    i.USART_ReceiveData                      0x08003118   Section        0  stm32f10x_usart.o(i.USART_ReceiveData)
    i.USART_SendData                         0x08003122   Section        0  stm32f10x_usart.o(i.USART_SendData)
    i.UartInit                               0x0800312c   Section        0  portserial.o(i.UartInit)
    UartInit                                 0x0800312d   Thumb Code   104  portserial.o(i.UartInit)
    i.UsageFault_Handler                     0x0800319c   Section        0  stm32f10x_it.o(i.UsageFault_Handler)
    i.V_change                               0x080031a0   Section        0  hmi_app.o(i.V_change)
    V_change                                 0x080031a1   Thumb Code   106  hmi_app.o(i.V_change)
    i.Write7219                              0x08003220   Section        0  max7219_drv.o(i.Write7219)
    i.WriteDataWithCheck                     0x080032bc   Section        0  store_app.o(i.WriteDataWithCheck)
    WriteDataWithCheck                       0x080032bd   Thumb Code    40  store_app.o(i.WriteDataWithCheck)
    i.WriteEepromData                        0x080032e4   Section        0  eeprom_drv.o(i.WriteEepromData)
    i.WriteRegsCb                            0x0800337c   Section        0  modbus_app.o(i.WriteRegsCb)
    WriteRegsCb                              0x0800337d   Thumb Code   136  modbus_app.o(i.WriteRegsCb)
    i.WriteSysParam                          0x08003408   Section        0  store_app.o(i.WriteSysParam)
    WriteSysParam                            0x08003409   Thumb Code    44  store_app.o(i.WriteSysParam)
    i.__aeabi_assert                         0x08003434   Section        0  retarget_io.o(i.__aeabi_assert)
    i.__scatterload_copy                     0x080034d0   Section       14  handlers.o(i.__scatterload_copy)
    i.__scatterload_null                     0x080034de   Section        2  handlers.o(i.__scatterload_null)
    i.__scatterload_zeroinit                 0x080034e0   Section       14  handlers.o(i.__scatterload_zeroinit)
    i.abort                                  0x080034ee   Section        0  retarget_io.o(i.abort)
    i.eMBEnable                              0x080034f4   Section        0  mb.o(i.eMBEnable)
    i.eMBFuncReadHoldingRegister             0x0800351c   Section        0  mbfuncholding.o(i.eMBFuncReadHoldingRegister)
    i.eMBFuncWriteHoldingRegister            0x080035a2   Section        0  mbfuncholding.o(i.eMBFuncWriteHoldingRegister)
    i.eMBFuncWriteMultipleHoldingRegister    0x080035e0   Section        0  mbfuncholding.o(i.eMBFuncWriteMultipleHoldingRegister)
    i.eMBInit                                0x0800364c   Section        0  mb.o(i.eMBInit)
    i.eMBPoll                                0x0800372c   Section        0  mb.o(i.eMBPoll)
    i.eMBRTUInit                             0x0800387c   Section        0  mbrtu.o(i.eMBRTUInit)
    i.eMBRTUReceive                          0x080038cc   Section        0  mbrtu.o(i.eMBRTUReceive)
    i.eMBRTUSend                             0x08003970   Section        0  mbrtu.o(i.eMBRTUSend)
    i.eMBRTUStart                            0x08003a18   Section        0  mbrtu.o(i.eMBRTUStart)
    i.eMBRTUStop                             0x08003a34   Section        0  mbrtu.o(i.eMBRTUStop)
    i.eMBRegHoldingCB                        0x08003a44   Section        0  modbus_slave.o(i.eMBRegHoldingCB)
    i.eMBSetSlaveAddr                        0x08003a80   Section        0  mb.o(i.eMBSetSlaveAddr)
    i.fputc                                  0x08003a9c   Section        0  retarget_io.o(i.fputc)
    i.fputs                                  0x08003abc   Section        0  fputs.o(i.fputs)
    i.main                                   0x08003ad4   Section        0  main.o(i.main)
    i.prveMBError2Exception                  0x08003ae8   Section        0  mbutils.o(i.prveMBError2Exception)
    i.prvvTIMERExpiredISR                    0x08003b0c   Section        0  porttimer.o(i.prvvTIMERExpiredISR)
    prvvTIMERExpiredISR                      0x08003b0d   Thumb Code    10  porttimer.o(i.prvvTIMERExpiredISR)
    i.prvvUARTRxISR                          0x08003b1c   Section        0  portserial.o(i.prvvUARTRxISR)
    prvvUARTRxISR                            0x08003b1d   Thumb Code    10  portserial.o(i.prvvUARTRxISR)
    i.prvvUARTTxReadyISR                     0x08003b2c   Section        0  portserial.o(i.prvvUARTTxReadyISR)
    prvvUARTTxReadyISR                       0x08003b2d   Thumb Code    10  portserial.o(i.prvvUARTTxReadyISR)
    i.stderr_putchar                         0x08003b3c   Section        0  retarget_io.o(i.stderr_putchar)
    stderr_putchar                           0x08003b3d   Thumb Code     4  retarget_io.o(i.stderr_putchar)
    i.usMBCRC16                              0x08003b40   Section        0  mbcrc.o(i.usMBCRC16)
    i.vMBPortSerialEnable                    0x08003b78   Section        0  portserial.o(i.vMBPortSerialEnable)
    i.vMBPortTimersDisable                   0x08003be8   Section        0  porttimer.o(i.vMBPortTimersDisable)
    i.vMBPortTimersEnable                    0x08003c14   Section        0  porttimer.o(i.vMBPortTimersEnable)
    i.xMBPortEventGet                        0x08003c40   Section        0  portevent.o(i.xMBPortEventGet)
    i.xMBPortEventInit                       0x08003c64   Section        0  portevent.o(i.xMBPortEventInit)
    i.xMBPortEventPost                       0x08003c74   Section        0  portevent.o(i.xMBPortEventPost)
    i.xMBPortSerialGetByte                   0x08003c8c   Section        0  portserial.o(i.xMBPortSerialGetByte)
    i.xMBPortSerialInit                      0x08003ca4   Section        0  portserial.o(i.xMBPortSerialInit)
    i.xMBPortSerialPutByte                   0x08003cc4   Section        0  portserial.o(i.xMBPortSerialPutByte)
    i.xMBPortTimersInit                      0x08003cdc   Section        0  porttimer.o(i.xMBPortTimersInit)
    i.xMBRTUReceiveFSM                       0x08003d50   Section        0  mbrtu.o(i.xMBRTUReceiveFSM)
    i.xMBRTUTimerT35Expired                  0x08003e28   Section        0  mbrtu.o(i.xMBRTUTimerT35Expired)
    i.xMBRTUTransmitFSM                      0x08003eb0   Section        0  mbrtu.o(i.xMBRTUTransmitFSM)
    .constdata                               0x08003f70   Section       12  store_app.o(.constdata)
    g_sysParamDefault                        0x08003f70   Data          12  store_app.o(.constdata)
    .constdata                               0x08003f7c   Section       10  hmi_app.o(.constdata)
    table                                    0x08003f7c   Data          10  hmi_app.o(.constdata)
    .constdata                               0x08003f88   Section       16  modbus_app.o(.constdata)
    .constdata                               0x08003f98   Section      512  mbcrc.o(.constdata)
    aucCRCHi                                 0x08003f98   Data         256  mbcrc.o(.constdata)
    aucCRCLo                                 0x08004098   Data         256  mbcrc.o(.constdata)
    .constdata                               0x08004198   Section       12  localtime_i.o(.constdata)
    monlen                                   0x08004198   Data          12  localtime_i.o(.constdata)
    .conststring                             0x080041a4   Section       99  mbrtu.o(.conststring)
    .data                                    0x20000000   Section       48  main.o(.data)
    g_taskComps                              0x20000000   Data          48  main.o(.data)
    .data                                    0x20000030   Section        1  store_app.o(.data)
    .data                                    0x20000034   Section       16  hmi_app.o(.data)
    LED1_vol                                 0x20000034   Data           1  hmi_app.o(.data)
    LED2_vol                                 0x20000035   Data           1  hmi_app.o(.data)
    LED3_vol                                 0x20000036   Data           1  hmi_app.o(.data)
    LED4_vol                                 0x20000037   Data           1  hmi_app.o(.data)
    Child_Flag                               0x20000040   Data           1  hmi_app.o(.data)
    .data                                    0x20000044   Section       96  modbus_app.o(.data)
    g_regInstanceTab                         0x20000044   Data          96  modbus_app.o(.data)
    .data                                    0x200000a4   Section      181  mb.o(.data)
    ucMBAddress                              0x200000a4   Data           1  mb.o(.data)
    eMBCurrentMode                           0x200000a5   Data           1  mb.o(.data)
    eMBState                                 0x200000a6   Data           1  mb.o(.data)
    peMBFrameSendCur                         0x200000a8   Data           4  mb.o(.data)
    pvMBFrameStartCur                        0x200000ac   Data           4  mb.o(.data)
    pvMBFrameStopCur                         0x200000b0   Data           4  mb.o(.data)
    peMBFrameReceiveCur                      0x200000b4   Data           4  mb.o(.data)
    pvMBFrameCloseCur                        0x200000b8   Data           4  mb.o(.data)
    xFuncHandlers                            0x200000d0   Data         128  mb.o(.data)
    ucMBFrame                                0x20000150   Data           4  mb.o(.data)
    ucRcvAddress                             0x20000154   Data           1  mb.o(.data)
    ucFunctionCode                           0x20000155   Data           1  mb.o(.data)
    usLength                                 0x20000156   Data           2  mb.o(.data)
    eException                               0x20000158   Data           1  mb.o(.data)
    .data                                    0x2000015c   Section       12  mbrtu.o(.data)
    eSndState                                0x2000015c   Data           1  mbrtu.o(.data)
    eRcvState                                0x2000015d   Data           1  mbrtu.o(.data)
    pucSndBufferCur                          0x20000160   Data           4  mbrtu.o(.data)
    usSndBufferCount                         0x20000164   Data           2  mbrtu.o(.data)
    usRcvBufferPos                           0x20000166   Data           2  mbrtu.o(.data)
    .data                                    0x20000168   Section        8  modbus_slave.o(.data)
    g_modbusFuncCb                           0x20000168   Data           8  modbus_slave.o(.data)
    .data                                    0x20000170   Section       12  systick_drv.o(.data)
    g_sysRunTime                             0x20000170   Data           8  systick_drv.o(.data)
    g_pTaskScheduleFunc                      0x20000178   Data           4  systick_drv.o(.data)
    .data                                    0x2000017c   Section       24  led_drv.o(.data)
    g_gpioList                               0x2000017c   Data          24  led_drv.o(.data)
    .data                                    0x20000194   Section        4  dht11_drv.o(.data)
    g_tempData                               0x20000194   Data           4  dht11_drv.o(.data)
    .data                                    0x20000198   Section       10  acdc_drv .o(.data)
    g_adcVal                                 0x20000198   Data           6  acdc_drv .o(.data)
    s_convertNum                             0x2000019e   Data           2  acdc_drv .o(.data)
    s_index                                  0x200001a0   Data           2  acdc_drv .o(.data)
    .data                                    0x200001a4   Section       36  key_drv.o(.data)
    g_gpioList                               0x200001a4   Data          36  key_drv.o(.data)
    .data                                    0x200001c8   Section        8  integrator_drv.o(.data)
    .data                                    0x200001d0   Section        2  portevent.o(.data)
    eQueuedEvent                             0x200001d0   Data           1  portevent.o(.data)
    xEventInQueue                            0x200001d1   Data           1  portevent.o(.data)
    .data                                    0x200001d4   Section       20  portserial.o(.data)
    g_uartHwInfo                             0x200001d4   Data          20  portserial.o(.data)
    .data                                    0x200001e8   Section       20  stm32f10x_rcc.o(.data)
    APBAHBPrescTable                         0x200001e8   Data          16  stm32f10x_rcc.o(.data)
    ADCPrescTable                            0x200001f8   Data           4  stm32f10x_rcc.o(.data)
    .data                                    0x200001fc   Section       20  system_stm32f10x.o(.data)
    .data                                    0x20000210   Section        4  stderr.o(.data)
    .bss                                     0x20000214   Section       22  store_app.o(.bss)
    g_sysParamCurrent                        0x20000214   Data          12  store_app.o(.bss)
    g_SurgeParamCurrent                      0x20000220   Data          10  store_app.o(.bss)
    .bss                                     0x2000022a   Section      200  hmi_app.o(.bss)
    task                                     0x2000022a   Data         200  hmi_app.o(.bss)
    .bss                                     0x200002f2   Section      256  mbrtu.o(.bss)
    .bss                                     0x200003f4   Section       32  acdc_drv .o(.bss)
    g_temp10MplBuf                           0x200003f4   Data          20  acdc_drv .o(.bss)
    .bss                                     0x20000418   Section       48  key_drv.o(.bss)
    g_keyInfo                                0x20000418   Data          48  key_drv.o(.bss)
    .bss                                     0x20000448   Section       44  localtime_w.o(.bss)
    _tms                                     0x20000448   Data          44  localtime_w.o(.bss)
    STACK                                    0x20000478   Section     4096  startup_stm32f10x_hd.o(STACK)

    Global Symbols

    Symbol Name                              Value     Ov Type        Size  Object(Section)

    BuildAttributes$$THM_ISAv4$P$D$K$B$S$PE$A:L22UL41UL21$X:L11$S22US41US21$IEEE1$IW$USESV6$~STKCKD$USESV7$~SHL$OTIME$ROPI$EBA8$MICROLIB$REQ8$PRES8$EABIv2 0x00000000   Number         0  anon$$obj.o ABSOLUTE
    __ARM_use_no_argv                        0x00000000   Number         0  main.o ABSOLUTE
    __cpp_initialize__aeabi_                  - Undefined Weak Reference
    __cxa_finalize                            - Undefined Weak Reference
    _clock_init                               - Undefined Weak Reference
    _microlib_exit                            - Undefined Weak Reference
    __Vectors_Size                           0x00000130   Number         0  startup_stm32f10x_hd.o ABSOLUTE
    __Vectors                                0x08000000   Data           4  startup_stm32f10x_hd.o(RESET)
    __Vectors_End                            0x08000130   Data           0  startup_stm32f10x_hd.o(RESET)
    __main                                   0x08000131   Thumb Code     0  entry.o(.ARM.Collect$$$$00000000)
    _main_stk                                0x08000131   Thumb Code     0  entry2.o(.ARM.Collect$$$$00000001)
    _main_scatterload                        0x08000135   Thumb Code     0  entry5.o(.ARM.Collect$$$$00000004)
    __main_after_scatterload                 0x08000139   Thumb Code     0  entry5.o(.ARM.Collect$$$$00000004)
    _main_clock                              0x08000139   Thumb Code     0  entry7b.o(.ARM.Collect$$$$00000008)
    _main_cpp_init                           0x08000139   Thumb Code     0  entry8b.o(.ARM.Collect$$$$0000000A)
    _main_init                               0x08000139   Thumb Code     0  entry9a.o(.ARM.Collect$$$$0000000B)
    __rt_final_cpp                           0x08000141   Thumb Code     0  entry10a.o(.ARM.Collect$$$$0000000D)
    __rt_final_exit                          0x08000141   Thumb Code     0  entry11a.o(.ARM.Collect$$$$0000000F)
    Reset_Handler                            0x08000145   Thumb Code     8  startup_stm32f10x_hd.o(.text)
    ADC3_IRQHandler                          0x0800015f   Thumb Code     0  startup_stm32f10x_hd.o(.text)
    CAN1_RX1_IRQHandler                      0x0800015f   Thumb Code     0  startup_stm32f10x_hd.o(.text)
    CAN1_SCE_IRQHandler                      0x0800015f   Thumb Code     0  startup_stm32f10x_hd.o(.text)
    DMA1_Channel1_IRQHandler                 0x0800015f   Thumb Code     0  startup_stm32f10x_hd.o(.text)
    DMA1_Channel2_IRQHandler                 0x0800015f   Thumb Code     0  startup_stm32f10x_hd.o(.text)
    DMA1_Channel3_IRQHandler                 0x0800015f   Thumb Code     0  startup_stm32f10x_hd.o(.text)
    DMA1_Channel4_IRQHandler                 0x0800015f   Thumb Code     0  startup_stm32f10x_hd.o(.text)
    DMA1_Channel5_IRQHandler                 0x0800015f   Thumb Code     0  startup_stm32f10x_hd.o(.text)
    DMA1_Channel6_IRQHandler                 0x0800015f   Thumb Code     0  startup_stm32f10x_hd.o(.text)
    DMA1_Channel7_IRQHandler                 0x0800015f   Thumb Code     0  startup_stm32f10x_hd.o(.text)
    DMA2_Channel1_IRQHandler                 0x0800015f   Thumb Code     0  startup_stm32f10x_hd.o(.text)
    DMA2_Channel2_IRQHandler                 0x0800015f   Thumb Code     0  startup_stm32f10x_hd.o(.text)
    DMA2_Channel3_IRQHandler                 0x0800015f   Thumb Code     0  startup_stm32f10x_hd.o(.text)
    DMA2_Channel4_5_IRQHandler               0x0800015f   Thumb Code     0  startup_stm32f10x_hd.o(.text)
    EXTI0_IRQHandler                         0x0800015f   Thumb Code     0  startup_stm32f10x_hd.o(.text)
    EXTI1_IRQHandler                         0x0800015f   Thumb Code     0  startup_stm32f10x_hd.o(.text)
    EXTI2_IRQHandler                         0x0800015f   Thumb Code     0  startup_stm32f10x_hd.o(.text)
    EXTI3_IRQHandler                         0x0800015f   Thumb Code     0  startup_stm32f10x_hd.o(.text)
    EXTI4_IRQHandler                         0x0800015f   Thumb Code     0  startup_stm32f10x_hd.o(.text)
    EXTI9_5_IRQHandler                       0x0800015f   Thumb Code     0  startup_stm32f10x_hd.o(.text)
    FLASH_IRQHandler                         0x0800015f   Thumb Code     0  startup_stm32f10x_hd.o(.text)
    FSMC_IRQHandler                          0x0800015f   Thumb Code     0  startup_stm32f10x_hd.o(.text)
    I2C1_ER_IRQHandler                       0x0800015f   Thumb Code     0  startup_stm32f10x_hd.o(.text)
    I2C1_EV_IRQHandler                       0x0800015f   Thumb Code     0  startup_stm32f10x_hd.o(.text)
    I2C2_ER_IRQHandler                       0x0800015f   Thumb Code     0  startup_stm32f10x_hd.o(.text)
    I2C2_EV_IRQHandler                       0x0800015f   Thumb Code     0  startup_stm32f10x_hd.o(.text)
    RCC_IRQHandler                           0x0800015f   Thumb Code     0  startup_stm32f10x_hd.o(.text)
    RTCAlarm_IRQHandler                      0x0800015f   Thumb Code     0  startup_stm32f10x_hd.o(.text)
    RTC_IRQHandler                           0x0800015f   Thumb Code     0  startup_stm32f10x_hd.o(.text)
    SDIO_IRQHandler                          0x0800015f   Thumb Code     0  startup_stm32f10x_hd.o(.text)
    SPI1_IRQHandler                          0x0800015f   Thumb Code     0  startup_stm32f10x_hd.o(.text)
    SPI2_IRQHandler                          0x0800015f   Thumb Code     0  startup_stm32f10x_hd.o(.text)
    SPI3_IRQHandler                          0x0800015f   Thumb Code     0  startup_stm32f10x_hd.o(.text)
    TAMPER_IRQHandler                        0x0800015f   Thumb Code     0  startup_stm32f10x_hd.o(.text)
    TIM1_BRK_IRQHandler                      0x0800015f   Thumb Code     0  startup_stm32f10x_hd.o(.text)
    TIM1_CC_IRQHandler                       0x0800015f   Thumb Code     0  startup_stm32f10x_hd.o(.text)
    TIM1_TRG_COM_IRQHandler                  0x0800015f   Thumb Code     0  startup_stm32f10x_hd.o(.text)
    TIM1_UP_IRQHandler                       0x0800015f   Thumb Code     0  startup_stm32f10x_hd.o(.text)
    TIM2_IRQHandler                          0x0800015f   Thumb Code     0  startup_stm32f10x_hd.o(.text)
    TIM3_IRQHandler                          0x0800015f   Thumb Code     0  startup_stm32f10x_hd.o(.text)
    TIM4_IRQHandler                          0x0800015f   Thumb Code     0  startup_stm32f10x_hd.o(.text)
    TIM6_IRQHandler                          0x0800015f   Thumb Code     0  startup_stm32f10x_hd.o(.text)
    TIM7_IRQHandler                          0x0800015f   Thumb Code     0  startup_stm32f10x_hd.o(.text)
    TIM8_BRK_IRQHandler                      0x0800015f   Thumb Code     0  startup_stm32f10x_hd.o(.text)
    TIM8_CC_IRQHandler                       0x0800015f   Thumb Code     0  startup_stm32f10x_hd.o(.text)
    TIM8_TRG_COM_IRQHandler                  0x0800015f   Thumb Code     0  startup_stm32f10x_hd.o(.text)
    TIM8_UP_IRQHandler                       0x0800015f   Thumb Code     0  startup_stm32f10x_hd.o(.text)
    UART4_IRQHandler                         0x0800015f   Thumb Code     0  startup_stm32f10x_hd.o(.text)
    UART5_IRQHandler                         0x0800015f   Thumb Code     0  startup_stm32f10x_hd.o(.text)
    USART2_IRQHandler                        0x0800015f   Thumb Code     0  startup_stm32f10x_hd.o(.text)
    USART3_IRQHandler                        0x0800015f   Thumb Code     0  startup_stm32f10x_hd.o(.text)
    USBWakeUp_IRQHandler                     0x0800015f   Thumb Code     0  startup_stm32f10x_hd.o(.text)
    USB_HP_CAN1_TX_IRQHandler                0x0800015f   Thumb Code     0  startup_stm32f10x_hd.o(.text)
    USB_LP_CAN1_RX0_IRQHandler               0x0800015f   Thumb Code     0  startup_stm32f10x_hd.o(.text)
    WWDG_IRQHandler                          0x0800015f   Thumb Code     0  startup_stm32f10x_hd.o(.text)
    qsort                                    0x08000169   Thumb Code   156  qsort.o(.text)
    __aeabi_memset                           0x08000205   Thumb Code    14  memseta.o(.text)
    __aeabi_memset4                          0x08000205   Thumb Code     0  memseta.o(.text)
    __aeabi_memset8                          0x08000205   Thumb Code     0  memseta.o(.text)
    __aeabi_memclr                           0x08000213   Thumb Code     4  memseta.o(.text)
    __aeabi_memclr4                          0x08000213   Thumb Code     0  memseta.o(.text)
    __aeabi_memclr8                          0x08000213   Thumb Code     0  memseta.o(.text)
    _memset$wrapper                          0x08000217   Thumb Code    18  memseta.o(.text)
    __aeabi_fadd                             0x08000229   Thumb Code   164  fadd.o(.text)
    __aeabi_fsub                             0x080002cd   Thumb Code     6  fadd.o(.text)
    __aeabi_frsub                            0x080002d3   Thumb Code     6  fadd.o(.text)
    __aeabi_fmul                             0x080002d9   Thumb Code   100  fmul.o(.text)
    __aeabi_fdiv                             0x0800033d   Thumb Code   124  fdiv.o(.text)
    __aeabi_dmul                             0x080003b9   Thumb Code   228  dmul.o(.text)
    __aeabi_ddiv                             0x0800049d   Thumb Code   222  ddiv.o(.text)
    __aeabi_i2f                              0x0800057b   Thumb Code    18  fflti.o(.text)
    __aeabi_ui2f                             0x0800058d   Thumb Code    10  ffltui.o(.text)
    __aeabi_ui2d                             0x08000597   Thumb Code    26  dfltui.o(.text)
    __aeabi_f2iz                             0x080005b1   Thumb Code    50  ffixi.o(.text)
    __aeabi_f2uiz                            0x080005e3   Thumb Code    40  ffixui.o(.text)
    __aeabi_d2uiz                            0x0800060b   Thumb Code    50  dfixui.o(.text)
    __aeabi_llsr                             0x0800063d   Thumb Code    32  llushr.o(.text)
    _ll_ushift_r                             0x0800063d   Thumb Code     0  llushr.o(.text)
    localtime                                0x0800065d   Thumb Code     6  localtime_w.o(.text)
    _localtime                               0x08000669   Thumb Code   134  localtime_i.o(.text)
    __I$use$fp                               0x080006f5   Thumb Code     0  iusefp.o(.text)
    _float_round                             0x080006f5   Thumb Code    18  fepilogue.o(.text)
    _float_epilogue                          0x08000707   Thumb Code    92  fepilogue.o(.text)
    _double_round                            0x08000763   Thumb Code    30  depilogue.o(.text)
    _double_epilogue                         0x08000781   Thumb Code   156  depilogue.o(.text)
    __scatterload                            0x0800081d   Thumb Code    28  init.o(.text)
    __scatterload_rt2                        0x0800081d   Thumb Code     0  init.o(.text)
    __aeabi_llsl                             0x08000841   Thumb Code    30  llshl.o(.text)
    _ll_shift_l                              0x08000841   Thumb Code     0  llshl.o(.text)
    __decompress                             0x0800085f   Thumb Code     0  __dczerorl2.o(.text)
    __decompress1                            0x0800085f   Thumb Code    86  __dczerorl2.o(.text)
    ADC1_2_IRQHandler                        0x080008b5   Thumb Code    72  integrator_drv.o(i.ADC1_2_IRQHandler)
    ADC_ClearITPendingBit                    0x08000915   Thumb Code    10  stm32f10x_adc.o(i.ADC_ClearITPendingBit)
    ADC_Cmd                                  0x0800091f   Thumb Code    22  stm32f10x_adc.o(i.ADC_Cmd)
    ADC_DMACmd                               0x08000935   Thumb Code    22  stm32f10x_adc.o(i.ADC_DMACmd)
    ADC_DeInit                               0x0800094d   Thumb Code    78  stm32f10x_adc.o(i.ADC_DeInit)
    ADC_ExternalTrigConvCmd                  0x080009a9   Thumb Code    22  stm32f10x_adc.o(i.ADC_ExternalTrigConvCmd)
    ADC_GetCalibrationStatus                 0x080009bf   Thumb Code    20  stm32f10x_adc.o(i.ADC_GetCalibrationStatus)
    ADC_GetConversionValue                   0x080009d3   Thumb Code     8  stm32f10x_adc.o(i.ADC_GetConversionValue)
    ADC_GetITStatus                          0x080009db   Thumb Code    36  stm32f10x_adc.o(i.ADC_GetITStatus)
    ADC_GetResetCalibrationStatus            0x080009ff   Thumb Code    20  stm32f10x_adc.o(i.ADC_GetResetCalibrationStatus)
    ADC_ITConfig                             0x08000a13   Thumb Code    24  stm32f10x_adc.o(i.ADC_ITConfig)
    ADC_Init                                 0x08000a2d   Thumb Code    70  stm32f10x_adc.o(i.ADC_Init)
    ADC_RegularChannelConfig                 0x08000aa7   Thumb Code   184  stm32f10x_adc.o(i.ADC_RegularChannelConfig)
    ADC_ResetCalibration                     0x08000b5f   Thumb Code    10  stm32f10x_adc.o(i.ADC_ResetCalibration)
    ADC_SoftwareStartConvCmd                 0x08000b69   Thumb Code    22  stm32f10x_adc.o(i.ADC_SoftwareStartConvCmd)
    ADC_StartCalibration                     0x08000b7f   Thumb Code    10  stm32f10x_adc.o(i.ADC_StartCalibration)
    AcToDcDataProc                           0x08000b89   Thumb Code    94  acdc_drv .o(i.AcToDcDataProc)
    Acdc_Init                                0x08000bfd   Thumb Code    16  acdc_drv .o(i.Acdc_Init)
    BKP_DeInit                               0x08000d9b   Thumb Code    16  stm32f10x_bkp.o(i.BKP_DeInit)
    BKP_ReadBackupRegister                   0x08000dad   Thumb Code    24  stm32f10x_bkp.o(i.BKP_ReadBackupRegister)
    BKP_WriteBackupRegister                  0x08000dc9   Thumb Code    22  stm32f10x_bkp.o(i.BKP_WriteBackupRegister)
    BusFault_Handler                         0x08000e4d   Thumb Code     4  stm32f10x_it.o(i.BusFault_Handler)
    DHT11_Init                               0x08000edd   Thumb Code    16  dht11_drv.o(i.DHT11_Init)
    DMA_Cmd                                  0x08001049   Thumb Code    24  stm32f10x_dma.o(i.DMA_Cmd)
    DMA_DeInit                               0x08001061   Thumb Code   324  stm32f10x_dma.o(i.DMA_DeInit)
    DMA_Init                                 0x080011ad   Thumb Code    60  stm32f10x_dma.o(i.DMA_Init)
    DebugMon_Handler                         0x080011e9   Thumb Code     2  stm32f10x_it.o(i.DebugMon_Handler)
    DelayInit                                0x080011ed   Thumb Code    30  delay.o(i.DelayInit)
    DelayNms                                 0x08001215   Thumb Code    24  delay.o(i.DelayNms)
    DelayNus                                 0x0800122d   Thumb Code    54  delay.o(i.DelayNus)
    EXTI15_10_IRQHandler                     0x080012fb   Thumb Code    22  integrator_drv.o(i.EXTI15_10_IRQHandler)
    EXTI_ClearITPendingBit                   0x08001311   Thumb Code     6  stm32f10x_exti.o(i.EXTI_ClearITPendingBit)
    EXTI_GetITStatus                         0x0800131d   Thumb Code    34  stm32f10x_exti.o(i.EXTI_GetITStatus)
    EXTI_Init                                0x08001345   Thumb Code   142  stm32f10x_exti.o(i.EXTI_Init)
    EepromDrvInit                            0x080013d9   Thumb Code     8  eeprom_drv.o(i.EepromDrvInit)
    EepromSurgeParamErase                    0x080013e1   Thumb Code    32  eeprom_drv.o(i.EepromSurgeParamErase)
    GPIO_EXTILineConfig                      0x0800142d   Thumb Code    60  stm32f10x_gpio.o(i.GPIO_EXTILineConfig)
    GPIO_Init                                0x0800146d   Thumb Code   278  stm32f10x_gpio.o(i.GPIO_Init)
    GPIO_ReadInputDataBit                    0x08001583   Thumb Code    18  stm32f10x_gpio.o(i.GPIO_ReadInputDataBit)
    GPIO_ResetBits                           0x08001595   Thumb Code     4  stm32f10x_gpio.o(i.GPIO_ResetBits)
    GPIO_SetBits                             0x08001599   Thumb Code     4  stm32f10x_gpio.o(i.GPIO_SetBits)
    GPIO_WriteBit                            0x0800159d   Thumb Code    10  stm32f10x_gpio.o(i.GPIO_WriteBit)
    GetAPhaseVolData                         0x080015a9   Thumb Code    20  acdc_drv .o(i.GetAPhaseVolData)
    GetHumiData                              0x080015c5   Thumb Code     6  dht11_drv.o(i.GetHumiData)
    GetKeyVal                                0x080015d1   Thumb Code    34  key_drv.o(i.GetKeyVal)
    GetLightNumData                          0x080015f5   Thumb Code     6  store_app.o(i.GetLightNumData)
    GetModbusAddrData                        0x08001601   Thumb Code     6  store_app.o(i.GetModbusAddrData)
    GetModbusBaudData                        0x0800160d   Thumb Code     6  store_app.o(i.GetModbusBaudData)
    GetPeakCurData                           0x08001619   Thumb Code     6  integrator_drv.o(i.GetPeakCurData)
    GetRtcTime                               0x08001625   Thumb Code    50  rtc_drv.o(i.GetRtcTime)
    GetSensorData                            0x08001657   Thumb Code    30  sensor_drv.o(i.GetSensorData)
    GetSysRunTime                            0x08001675   Thumb Code     8  systick_drv.o(i.GetSysRunTime)
    GetTempData                              0x08001681   Thumb Code   122  dht11_drv.o(i.GetTempData)
    HardFault_Handler                        0x0800176d   Thumb Code     4  stm32f10x_it.o(i.HardFault_Handler)
    Hmi_Task                                 0x08001771   Thumb Code   454  hmi_app.o(i.Hmi_Task)
    I2CSendAck                               0x080019a9   Thumb Code    54  eeprom_drv.o(i.I2CSendAck)
    I2CSendNack                              0x08001a39   Thumb Code    46  eeprom_drv.o(i.I2CSendNack)
    I2c_CheckDevice                          0x08001b29   Thumb Code    26  eeprom_drv.o(i.I2c_CheckDevice)
    InitSysParam                             0x08001b45   Thumb Code    60  store_app.o(i.InitSysParam)
    KeyDrvInit                               0x08001b8d   Thumb Code    78  key_drv.o(i.KeyDrvInit)
    LedDrvInit                               0x08001ce9   Thumb Code   108  led_drv.o(i.LedDrvInit)
    Max7219Init                              0x08001da1   Thumb Code    76  max7219_drv.o(i.Max7219Init)
    MemManage_Handler                        0x08001e3d   Thumb Code     4  stm32f10x_it.o(i.MemManage_Handler)
    ModbusAppInit                            0x08001e41   Thumb Code    32  modbus_app.o(i.ModbusAppInit)
    ModbusSlaveInit                          0x08001ef1   Thumb Code    32  modbus_slave.o(i.ModbusSlaveInit)
    ModbusTask                               0x08001f15   Thumb Code     8  modbus_app.o(i.ModbusTask)
    NMI_Handler                              0x08001f1d   Thumb Code     2  stm32f10x_it.o(i.NMI_Handler)
    NVIC_Init                                0x08001f21   Thumb Code   100  misc.o(i.NVIC_Init)
    NVIC_PriorityGroupConfig                 0x08001f91   Thumb Code    10  misc.o(i.NVIC_PriorityGroupConfig)
    PVD_IRQHandler                           0x08001fa5   Thumb Code     2  stm32f10x_it.o(i.PVD_IRQHandler)
    PWR_BackupAccessCmd                      0x08001fa9   Thumb Code     6  stm32f10x_pwr.o(i.PWR_BackupAccessCmd)
    PendSV_Handler                           0x08001fb5   Thumb Code     2  stm32f10x_it.o(i.PendSV_Handler)
    RCC_ADCCLKConfig                         0x08001fe9   Thumb Code    18  stm32f10x_rcc.o(i.RCC_ADCCLKConfig)
    RCC_AHBPeriphClockCmd                    0x08002001   Thumb Code    26  stm32f10x_rcc.o(i.RCC_AHBPeriphClockCmd)
    RCC_APB1PeriphClockCmd                   0x08002021   Thumb Code    26  stm32f10x_rcc.o(i.RCC_APB1PeriphClockCmd)
    RCC_APB1PeriphResetCmd                   0x08002041   Thumb Code    26  stm32f10x_rcc.o(i.RCC_APB1PeriphResetCmd)
    RCC_APB2PeriphClockCmd                   0x08002061   Thumb Code    26  stm32f10x_rcc.o(i.RCC_APB2PeriphClockCmd)
    RCC_APB2PeriphResetCmd                   0x08002081   Thumb Code    26  stm32f10x_rcc.o(i.RCC_APB2PeriphResetCmd)
    RCC_BackupResetCmd                       0x080020a1   Thumb Code     6  stm32f10x_rcc.o(i.RCC_BackupResetCmd)
    RCC_GetClocksFreq                        0x080020ad   Thumb Code   192  stm32f10x_rcc.o(i.RCC_GetClocksFreq)
    RCC_GetFlagStatus                        0x08002181   Thumb Code    56  stm32f10x_rcc.o(i.RCC_GetFlagStatus)
    RCC_LSEConfig                            0x080021bd   Thumb Code    46  stm32f10x_rcc.o(i.RCC_LSEConfig)
    RCC_RTCCLKCmd                            0x080021f1   Thumb Code     6  stm32f10x_rcc.o(i.RCC_RTCCLKCmd)
    RCC_RTCCLKConfig                         0x080021fd   Thumb Code    12  stm32f10x_rcc.o(i.RCC_RTCCLKConfig)
    RTC_EnterConfigMode                      0x0800220d   Thumb Code    14  stm32f10x_rtc.o(i.RTC_EnterConfigMode)
    RTC_ExitConfigMode                       0x08002221   Thumb Code    16  stm32f10x_rtc.o(i.RTC_ExitConfigMode)
    RTC_GetCounter                           0x08002235   Thumb Code    16  stm32f10x_rtc.o(i.RTC_GetCounter)
    RTC_SetCounter                           0x08002249   Thumb Code    24  stm32f10x_rtc.o(i.RTC_SetCounter)
    RTC_SetPrescaler                         0x08002265   Thumb Code    26  stm32f10x_rtc.o(i.RTC_SetPrescaler)
    RTC_WaitForLastTask                      0x08002285   Thumb Code    16  stm32f10x_rtc.o(i.RTC_WaitForLastTask)
    RTC_WaitForSynchro                       0x08002299   Thumb Code    30  stm32f10x_rtc.o(i.RTC_WaitForSynchro)
    ReadEepromData                           0x080022f3   Thumb Code   126  eeprom_drv.o(i.ReadEepromData)
    RtcDrvInit                               0x08002499   Thumb Code   184  rtc_drv.o(i.RtcDrvInit)
    SVC_Handler                              0x08002555   Thumb Code     2  stm32f10x_it.o(i.SVC_Handler)
    SensorDrvInit                            0x08002557   Thumb Code    12  sensor_drv.o(i.SensorDrvInit)
    SensorDrvProc                            0x08002563   Thumb Code    12  sensor_drv.o(i.SensorDrvProc)
    Sensor_Task                              0x0800256f   Thumb Code     8  sensor_app.o(i.Sensor_Task)
    SetModbusAddrParam                       0x08002579   Thumb Code    78  store_app.o(i.SetModbusAddrParam)
    SetModbusBaudParam                       0x080025cd   Thumb Code    56  store_app.o(i.SetModbusBaudParam)
    StoreTask                                0x08002763   Thumb Code    14  store_app.o(i.StoreTask)
    SurgeChannelAdc_Init                     0x08002805   Thumb Code    16  integrator_drv.o(i.SurgeChannelAdc_Init)
    SysTick_Handler                          0x08002865   Thumb Code    38  systick_drv.o(i.SysTick_Handler)
    SysTick_Init                             0x08002895   Thumb Code    92  systick_drv.o(i.SysTick_Init)
    SystemInit                               0x080028fd   Thumb Code    78  system_stm32f10x.o(i.SystemInit)
    TIM5_IRQHandler                          0x0800295d   Thumb Code    34  porttimer.o(i.TIM5_IRQHandler)
    TIM_ClearFlag                            0x08002985   Thumb Code     6  stm32f10x_tim.o(i.TIM_ClearFlag)
    TIM_ClearITPendingBit                    0x0800298b   Thumb Code     6  stm32f10x_tim.o(i.TIM_ClearITPendingBit)
    TIM_Cmd                                  0x08002991   Thumb Code    24  stm32f10x_tim.o(i.TIM_Cmd)
    TIM_DeInit                               0x080029a9   Thumb Code   424  stm32f10x_tim.o(i.TIM_DeInit)
    TIM_GetITStatus                          0x08002b91   Thumb Code    34  stm32f10x_tim.o(i.TIM_GetITStatus)
    TIM_ITConfig                             0x08002bb3   Thumb Code    18  stm32f10x_tim.o(i.TIM_ITConfig)
    TIM_SetCounter                           0x08002bc5   Thumb Code     4  stm32f10x_tim.o(i.TIM_SetCounter)
    TIM_TimeBaseInit                         0x08002bc9   Thumb Code   122  stm32f10x_tim.o(i.TIM_TimeBaseInit)
    TaskScheduleCbReg                        0x08002d0d   Thumb Code     6  systick_drv.o(i.TaskScheduleCbReg)
    TempSensorProc                           0x08002d19   Thumb Code     8  dht11_drv.o(i.TempSensorProc)
    ToggleLed                                0x08002d21   Thumb Code    80  led_drv.o(i.ToggleLed)
    TriggerDrvInit                           0x08002d75   Thumb Code    12  integrator_drv.o(i.TriggerDrvInit)
    TurnOffLed                               0x08002e01   Thumb Code    42  led_drv.o(i.TurnOffLed)
    TurnOnLed                                0x08002e31   Thumb Code    42  led_drv.o(i.TurnOnLed)
    USART1_IRQHandler                        0x08002e61   Thumb Code    64  portserial.o(i.USART1_IRQHandler)
    USART_ClearFlag                          0x08002ea5   Thumb Code    18  stm32f10x_usart.o(i.USART_ClearFlag)
    USART_ClearITPendingBit                  0x08002eb7   Thumb Code    30  stm32f10x_usart.o(i.USART_ClearITPendingBit)
    USART_Cmd                                0x08002ed5   Thumb Code    24  stm32f10x_usart.o(i.USART_Cmd)
    USART_DeInit                             0x08002eed   Thumb Code   134  stm32f10x_usart.o(i.USART_DeInit)
    USART_GetFlagStatus                      0x08002f89   Thumb Code    26  stm32f10x_usart.o(i.USART_GetFlagStatus)
    USART_GetITStatus                        0x08002fa3   Thumb Code    84  stm32f10x_usart.o(i.USART_GetITStatus)
    USART_ITConfig                           0x08002ff7   Thumb Code    74  stm32f10x_usart.o(i.USART_ITConfig)
    USART_Init                               0x08003041   Thumb Code   210  stm32f10x_usart.o(i.USART_Init)
    USART_ReceiveData                        0x08003119   Thumb Code    10  stm32f10x_usart.o(i.USART_ReceiveData)
    USART_SendData                           0x08003123   Thumb Code     8  stm32f10x_usart.o(i.USART_SendData)
    UsageFault_Handler                       0x0800319d   Thumb Code     4  stm32f10x_it.o(i.UsageFault_Handler)
    Write7219                                0x08003221   Thumb Code   152  max7219_drv.o(i.Write7219)
    WriteEepromData                          0x080032e5   Thumb Code   150  eeprom_drv.o(i.WriteEepromData)
    __aeabi_assert                           0x08003435   Thumb Code   110  retarget_io.o(i.__aeabi_assert)
    __scatterload_copy                       0x080034d1   Thumb Code    14  handlers.o(i.__scatterload_copy)
    __scatterload_null                       0x080034df   Thumb Code     2  handlers.o(i.__scatterload_null)
    __scatterload_zeroinit                   0x080034e1   Thumb Code    14  handlers.o(i.__scatterload_zeroinit)
    abort                                    0x080034ef   Thumb Code     4  retarget_io.o(i.abort)
    eMBEnable                                0x080034f5   Thumb Code    32  mb.o(i.eMBEnable)
    eMBFuncReadHoldingRegister               0x0800351d   Thumb Code   134  mbfuncholding.o(i.eMBFuncReadHoldingRegister)
    eMBFuncWriteHoldingRegister              0x080035a3   Thumb Code    62  mbfuncholding.o(i.eMBFuncWriteHoldingRegister)
    eMBFuncWriteMultipleHoldingRegister      0x080035e1   Thumb Code   106  mbfuncholding.o(i.eMBFuncWriteMultipleHoldingRegister)
    eMBInit                                  0x0800364d   Thumb Code   150  mb.o(i.eMBInit)
    eMBPoll                                  0x0800372d   Thumb Code   286  mb.o(i.eMBPoll)
    eMBRTUInit                               0x0800387d   Thumb Code    76  mbrtu.o(i.eMBRTUInit)
    eMBRTUReceive                            0x080038cd   Thumb Code    82  mbrtu.o(i.eMBRTUReceive)
    eMBRTUSend                               0x08003971   Thumb Code   146  mbrtu.o(i.eMBRTUSend)
    eMBRTUStart                              0x08003a19   Thumb Code    22  mbrtu.o(i.eMBRTUStart)
    eMBRTUStop                               0x08003a35   Thumb Code    16  mbrtu.o(i.eMBRTUStop)
    eMBRegHoldingCB                          0x08003a45   Thumb Code    54  modbus_slave.o(i.eMBRegHoldingCB)
    eMBSetSlaveAddr                          0x08003a81   Thumb Code    24  mb.o(i.eMBSetSlaveAddr)
    fputc                                    0x08003a9d   Thumb Code    26  retarget_io.o(i.fputc)
    fputs                                    0x08003abd   Thumb Code    24  fputs.o(i.fputs)
    main                                     0x08003ad5   Thumb Code    20  main.o(i.main)
    prveMBError2Exception                    0x08003ae9   Thumb Code    34  mbutils.o(i.prveMBError2Exception)
    usMBCRC16                                0x08003b41   Thumb Code    48  mbcrc.o(i.usMBCRC16)
    vMBPortSerialEnable                      0x08003b79   Thumb Code   104  portserial.o(i.vMBPortSerialEnable)
    vMBPortTimersDisable                     0x08003be9   Thumb Code    38  porttimer.o(i.vMBPortTimersDisable)
    vMBPortTimersEnable                      0x08003c15   Thumb Code    38  porttimer.o(i.vMBPortTimersEnable)
    xMBPortEventGet                          0x08003c41   Thumb Code    26  portevent.o(i.xMBPortEventGet)
    xMBPortEventInit                         0x08003c65   Thumb Code    10  portevent.o(i.xMBPortEventInit)
    xMBPortEventPost                         0x08003c75   Thumb Code    16  portevent.o(i.xMBPortEventPost)
    xMBPortSerialGetByte                     0x08003c8d   Thumb Code    18  portserial.o(i.xMBPortSerialGetByte)
    xMBPortSerialInit                        0x08003ca5   Thumb Code    32  portserial.o(i.xMBPortSerialInit)
    xMBPortSerialPutByte                     0x08003cc5   Thumb Code    18  portserial.o(i.xMBPortSerialPutByte)
    xMBPortTimersInit                        0x08003cdd   Thumb Code   112  porttimer.o(i.xMBPortTimersInit)
    xMBRTUReceiveFSM                         0x08003d51   Thumb Code   140  mbrtu.o(i.xMBRTUReceiveFSM)
    xMBRTUTimerT35Expired                    0x08003e29   Thumb Code    96  mbrtu.o(i.xMBRTUTimerT35Expired)
    xMBRTUTransmitFSM                        0x08003eb1   Thumb Code   116  mbrtu.o(i.xMBRTUTransmitFSM)
    Region$$Table$$Base                      0x08004208   Number         0  anon$$obj.o(Region$$Table)
    Region$$Table$$Limit                     0x08004228   Number         0  anon$$obj.o(Region$$Table)
    NUM                                      0x20000030   Data           1  store_app.o(.data)
    index_addr                               0x20000038   Data           1  hmi_app.o(.data)
    index_baud                               0x2000003c   Data           4  hmi_app.o(.data)
    UI_State                                 0x20000041   Data           1  hmi_app.o(.data)
    baudRate                                 0x20000042   Data           2  hmi_app.o(.data)
    pxMBFrameCBByteReceived                  0x200000bc   Data           4  mb.o(.data)
    pxMBFrameCBTransmitterEmpty              0x200000c0   Data           4  mb.o(.data)
    pxMBPortCBTimerExpired                   0x200000c4   Data           4  mb.o(.data)
    pxMBFrameCBReceiveFSMCur                 0x200000c8   Data           4  mb.o(.data)
    pxMBFrameCBTransmitFSMCur                0x200000cc   Data           4  mb.o(.data)
    Value                                    0x200001c8   Data           2  integrator_drv.o(.data)
    LEIJICISHU_flag                          0x200001ca   Data           1  integrator_drv.o(.data)
    Peak_Current                             0x200001cc   Data           4  integrator_drv.o(.data)
    SystemCoreClock                          0x200001fc   Data           4  system_stm32f10x.o(.data)
    AHBPrescTable                            0x20000200   Data          16  system_stm32f10x.o(.data)
    __stderr                                 0x20000210   Data           4  stderr.o(.data)
    ucRTUBuf                                 0x200002f2   Data         256  mbrtu.o(.bss)
    g_ACVol                                  0x20000408   Data          12  acdc_drv .o(.bss)
    __initial_sp                             0x20001478   Data           0  startup_stm32f10x_hd.o(STACK)



==============================================================================

Memory Map of the image

  Image Entry point : 0x08000131

  Load Region LR_IROM1 (Base: 0x08000000, Size: 0x0000443c, Max: 0x00040000, ABSOLUTE, COMPRESSED[0x000042cc])

    Execution Region ER_IROM1 (Exec base: 0x08000000, Load base: 0x08000000, Size: 0x00004228, Max: 0x00040000, ABSOLUTE)

    Exec Addr    Load Addr    Size         Type   Attr      Idx    E Section Name        Object

    0x08000000   0x08000000   0x00000130   Data   RO         4323    RESET               startup_stm32f10x_hd.o
    0x08000130   0x08000130   0x00000000   Code   RO         4387  * .ARM.Collect$$$$00000000  mc_w.l(entry.o)
    0x08000130   0x08000130   0x00000004   Code   RO         4428    .ARM.Collect$$$$00000001  mc_w.l(entry2.o)
    0x08000134   0x08000134   0x00000004   Code   RO         4431    .ARM.Collect$$$$00000004  mc_w.l(entry5.o)
    0x08000138   0x08000138   0x00000000   Code   RO         4433    .ARM.Collect$$$$00000008  mc_w.l(entry7b.o)
    0x08000138   0x08000138   0x00000000   Code   RO         4435    .ARM.Collect$$$$0000000A  mc_w.l(entry8b.o)
    0x08000138   0x08000138   0x00000008   Code   RO         4436    .ARM.Collect$$$$0000000B  mc_w.l(entry9a.o)
    0x08000140   0x08000140   0x00000000   Code   RO         4438    .ARM.Collect$$$$0000000D  mc_w.l(entry10a.o)
    0x08000140   0x08000140   0x00000000   Code   RO         4440    .ARM.Collect$$$$0000000F  mc_w.l(entry11a.o)
    0x08000140   0x08000140   0x00000004   Code   RO         4429    .ARM.Collect$$$$00002712  mc_w.l(entry2.o)
    0x08000144   0x08000144   0x00000024   Code   RO         4324    .text               startup_stm32f10x_hd.o
    0x08000168   0x08000168   0x0000009c   Code   RO         4395    .text               mc_w.l(qsort.o)
    0x08000204   0x08000204   0x00000024   Code   RO         4404    .text               mc_w.l(memseta.o)
    0x08000228   0x08000228   0x000000b0   Code   RO         4406    .text               mf_w.l(fadd.o)
    0x080002d8   0x080002d8   0x00000064   Code   RO         4408    .text               mf_w.l(fmul.o)
    0x0800033c   0x0800033c   0x0000007c   Code   RO         4410    .text               mf_w.l(fdiv.o)
    0x080003b8   0x080003b8   0x000000e4   Code   RO         4412    .text               mf_w.l(dmul.o)
    0x0800049c   0x0800049c   0x000000de   Code   RO         4414    .text               mf_w.l(ddiv.o)
    0x0800057a   0x0800057a   0x00000012   Code   RO         4416    .text               mf_w.l(fflti.o)
    0x0800058c   0x0800058c   0x0000000a   Code   RO         4418    .text               mf_w.l(ffltui.o)
    0x08000596   0x08000596   0x0000001a   Code   RO         4420    .text               mf_w.l(dfltui.o)
    0x080005b0   0x080005b0   0x00000032   Code   RO         4422    .text               mf_w.l(ffixi.o)
    0x080005e2   0x080005e2   0x00000028   Code   RO         4424    .text               mf_w.l(ffixui.o)
    0x0800060a   0x0800060a   0x00000032   Code   RO         4426    .text               mf_w.l(dfixui.o)
    0x0800063c   0x0800063c   0x00000020   Code   RO         4442    .text               mc_w.l(llushr.o)
    0x0800065c   0x0800065c   0x0000000c   Code   RO         4444    .text               mc_w.l(localtime_w.o)
    0x08000668   0x08000668   0x0000008c   Code   RO         4447    .text               mc_w.l(localtime_i.o)
    0x080006f4   0x080006f4   0x00000000   Code   RO         4450    .text               mc_w.l(iusefp.o)
    0x080006f4   0x080006f4   0x0000006e   Code   RO         4451    .text               mf_w.l(fepilogue.o)
    0x08000762   0x08000762   0x000000ba   Code   RO         4453    .text               mf_w.l(depilogue.o)
    0x0800081c   0x0800081c   0x00000024   Code   RO         4455    .text               mc_w.l(init.o)
    0x08000840   0x08000840   0x0000001e   Code   RO         4457    .text               mc_w.l(llshl.o)
    0x0800085e   0x0800085e   0x00000056   Code   RO         4467    .text               mc_w.l(__dczerorl2.o)
    0x080008b4   0x080008b4   0x00000060   Code   RO         1105    i.ADC1_2_IRQHandler  integrator_drv.o
    0x08000914   0x08000914   0x0000000a   Code   RO         1361    i.ADC_ClearITPendingBit  stm32f10x_adc.o
    0x0800091e   0x0800091e   0x00000016   Code   RO         1362    i.ADC_Cmd           stm32f10x_adc.o
    0x08000934   0x08000934   0x00000016   Code   RO         1363    i.ADC_DMACmd        stm32f10x_adc.o
    0x0800094a   0x0800094a   0x00000002   PAD
    0x0800094c   0x0800094c   0x0000005c   Code   RO         1364    i.ADC_DeInit        stm32f10x_adc.o
    0x080009a8   0x080009a8   0x00000016   Code   RO         1367    i.ADC_ExternalTrigConvCmd  stm32f10x_adc.o
    0x080009be   0x080009be   0x00000014   Code   RO         1370    i.ADC_GetCalibrationStatus  stm32f10x_adc.o
    0x080009d2   0x080009d2   0x00000008   Code   RO         1371    i.ADC_GetConversionValue  stm32f10x_adc.o
    0x080009da   0x080009da   0x00000024   Code   RO         1374    i.ADC_GetITStatus   stm32f10x_adc.o
    0x080009fe   0x080009fe   0x00000014   Code   RO         1376    i.ADC_GetResetCalibrationStatus  stm32f10x_adc.o
    0x08000a12   0x08000a12   0x00000018   Code   RO         1379    i.ADC_ITConfig      stm32f10x_adc.o
    0x08000a2a   0x08000a2a   0x00000002   PAD
    0x08000a2c   0x08000a2c   0x00000050   Code   RO         1380    i.ADC_Init          stm32f10x_adc.o
    0x08000a7c   0x08000a7c   0x0000002a   Code   RO         1106    i.ADC_NVIC_Config   integrator_drv.o
    0x08000aa6   0x08000aa6   0x000000b8   Code   RO         1384    i.ADC_RegularChannelConfig  stm32f10x_adc.o
    0x08000b5e   0x08000b5e   0x0000000a   Code   RO         1385    i.ADC_ResetCalibration  stm32f10x_adc.o
    0x08000b68   0x08000b68   0x00000016   Code   RO         1387    i.ADC_SoftwareStartConvCmd  stm32f10x_adc.o
    0x08000b7e   0x08000b7e   0x0000000a   Code   RO         1389    i.ADC_StartCalibration  stm32f10x_adc.o
    0x08000b88   0x08000b88   0x00000074   Code   RO          904    i.AcToDcDataProc    acdc_drv .o
    0x08000bfc   0x08000bfc   0x00000010   Code   RO          905    i.Acdc_Init         acdc_drv .o
    0x08000c0c   0x08000c0c   0x000000a8   Code   RO          906    i.AdcInit           acdc_drv .o
    0x08000cb4   0x08000cb4   0x00000048   Code   RO          907    i.AdcToVol10Mpl     acdc_drv .o
    0x08000cfc   0x08000cfc   0x00000024   Code   RO          306    i.AddrUI            hmi_app.o
    0x08000d20   0x08000d20   0x00000044   Code   RO          307    i.AddrUI_Child      hmi_app.o
    0x08000d64   0x08000d64   0x00000018   Code   RO            1    i.AppInit           main.o
    0x08000d7c   0x08000d7c   0x0000001e   Code   RO          908    i.ArithAvgFltr      acdc_drv .o
    0x08000d9a   0x08000d9a   0x00000010   Code   RO         1580    i.BKP_DeInit        stm32f10x_bkp.o
    0x08000daa   0x08000daa   0x00000002   PAD
    0x08000dac   0x08000dac   0x0000001c   Code   RO         1585    i.BKP_ReadBackupRegister  stm32f10x_bkp.o
    0x08000dc8   0x08000dc8   0x0000001c   Code   RO         1589    i.BKP_WriteBackupRegister  stm32f10x_bkp.o
    0x08000de4   0x08000de4   0x00000024   Code   RO          308    i.BaudUI            hmi_app.o
    0x08000e08   0x08000e08   0x00000044   Code   RO          309    i.BaudUI_Child      hmi_app.o
    0x08000e4c   0x08000e4c   0x00000004   Code   RO          650    i.BusFault_Handler  stm32f10x_it.o
    0x08000e50   0x08000e50   0x0000003a   Code   RO          190    i.CalcCrc8          store_app.o
    0x08000e8a   0x08000e8a   0x00000026   Code   RO          909    i.CmpCb             acdc_drv .o
    0x08000eb0   0x08000eb0   0x0000002c   Code   RO          847    i.DHT11_GPIO_Config  dht11_drv.o
    0x08000edc   0x08000edc   0x00000014   Code   RO          848    i.DHT11_Init        dht11_drv.o
    0x08000ef0   0x08000ef0   0x0000001c   Code   RO          849    i.DHT11_Mode_IPU    dht11_drv.o
    0x08000f0c   0x08000f0c   0x00000024   Code   RO          850    i.DHT11_Mode_Out_PP  dht11_drv.o
    0x08000f30   0x08000f30   0x00000068   Code   RO          851    i.DHT11_ReadByte    dht11_drv.o
    0x08000f98   0x08000f98   0x000000b0   Code   RO          852    i.DHT11_Read_TempAndHumidity  dht11_drv.o
    0x08001048   0x08001048   0x00000018   Code   RO         2047    i.DMA_Cmd           stm32f10x_dma.o
    0x08001060   0x08001060   0x0000014c   Code   RO         2048    i.DMA_DeInit        stm32f10x_dma.o
    0x080011ac   0x080011ac   0x0000003c   Code   RO         2053    i.DMA_Init          stm32f10x_dma.o
    0x080011e8   0x080011e8   0x00000002   Code   RO          651    i.DebugMon_Handler  stm32f10x_it.o
    0x080011ea   0x080011ea   0x00000002   PAD
    0x080011ec   0x080011ec   0x00000028   Code   RO          755    i.DelayInit         delay.o
    0x08001214   0x08001214   0x00000018   Code   RO          756    i.DelayNms          delay.o
    0x0800122c   0x0800122c   0x0000003c   Code   RO          757    i.DelayNus          delay.o
    0x08001268   0x08001268   0x00000060   Code   RO          910    i.DmaInit           acdc_drv .o
    0x080012c8   0x080012c8   0x00000032   Code   RO            2    i.DrvInit           main.o
    0x080012fa   0x080012fa   0x00000016   Code   RO         1107    i.EXTI15_10_IRQHandler  integrator_drv.o
    0x08001310   0x08001310   0x0000000c   Code   RO         2118    i.EXTI_ClearITPendingBit  stm32f10x_exti.o
    0x0800131c   0x0800131c   0x00000028   Code   RO         2122    i.EXTI_GetITStatus  stm32f10x_exti.o
    0x08001344   0x08001344   0x00000094   Code   RO         2123    i.EXTI_Init         stm32f10x_exti.o
    0x080013d8   0x080013d8   0x00000008   Code   RO          972    i.EepromDrvInit     eeprom_drv.o
    0x080013e0   0x080013e0   0x00000020   Code   RO          974    i.EepromSurgeParamErase  eeprom_drv.o
    0x08001400   0x08001400   0x0000002c   Code   RO          975    i.Eeprom_GPIO_Config  eeprom_drv.o
    0x0800142c   0x0800142c   0x00000040   Code   RO         2468    i.GPIO_EXTILineConfig  stm32f10x_gpio.o
    0x0800146c   0x0800146c   0x00000116   Code   RO         2471    i.GPIO_Init         stm32f10x_gpio.o
    0x08001582   0x08001582   0x00000012   Code   RO         2475    i.GPIO_ReadInputDataBit  stm32f10x_gpio.o
    0x08001594   0x08001594   0x00000004   Code   RO         2478    i.GPIO_ResetBits    stm32f10x_gpio.o
    0x08001598   0x08001598   0x00000004   Code   RO         2479    i.GPIO_SetBits      stm32f10x_gpio.o
    0x0800159c   0x0800159c   0x0000000a   Code   RO         2482    i.GPIO_WriteBit     stm32f10x_gpio.o
    0x080015a6   0x080015a6   0x00000002   PAD
    0x080015a8   0x080015a8   0x0000001c   Code   RO          911    i.GetAPhaseVolData  acdc_drv .o
    0x080015c4   0x080015c4   0x0000000c   Code   RO          853    i.GetHumiData       dht11_drv.o
    0x080015d0   0x080015d0   0x00000022   Code   RO         1056    i.GetKeyVal         key_drv.o
    0x080015f2   0x080015f2   0x00000002   PAD
    0x080015f4   0x080015f4   0x0000000c   Code   RO          191    i.GetLightNumData   store_app.o
    0x08001600   0x08001600   0x0000000c   Code   RO          192    i.GetModbusAddrData  store_app.o
    0x0800160c   0x0800160c   0x0000000c   Code   RO          193    i.GetModbusBaudData  store_app.o
    0x08001618   0x08001618   0x0000000c   Code   RO         1108    i.GetPeakCurData    integrator_drv.o
    0x08001624   0x08001624   0x00000032   Code   RO         1169    i.GetRtcTime        rtc_drv.o
    0x08001656   0x08001656   0x0000001e   Code   RO          817    i.GetSensorData     sensor_drv.o
    0x08001674   0x08001674   0x0000000c   Code   RO          713    i.GetSysRunTime     systick_drv.o
    0x08001680   0x08001680   0x00000084   Code   RO          854    i.GetTempData       dht11_drv.o
    0x08001704   0x08001704   0x00000024   Code   RO          912    i.GpioInit          acdc_drv .o
    0x08001728   0x08001728   0x00000044   Code   RO         1222    i.GpioInit          portserial.o
    0x0800176c   0x0800176c   0x00000004   Code   RO          652    i.HardFault_Handler  stm32f10x_it.o
    0x08001770   0x08001770   0x000001e8   Code   RO          310    i.Hmi_Task          hmi_app.o
    0x08001958   0x08001958   0x00000050   Code   RO          976    i.I2CReadByte       eeprom_drv.o
    0x080019a8   0x080019a8   0x0000003c   Code   RO          977    i.I2CSendAck        eeprom_drv.o
    0x080019e4   0x080019e4   0x00000054   Code   RO          978    i.I2CSendByte       eeprom_drv.o
    0x08001a38   0x08001a38   0x00000034   Code   RO          979    i.I2CSendNack       eeprom_drv.o
    0x08001a6c   0x08001a6c   0x0000003c   Code   RO          980    i.I2CStart          eeprom_drv.o
    0x08001aa8   0x08001aa8   0x0000002c   Code   RO          981    i.I2CStop           eeprom_drv.o
    0x08001ad4   0x08001ad4   0x00000054   Code   RO          982    i.I2CWaitAck        eeprom_drv.o
    0x08001b28   0x08001b28   0x0000001a   Code   RO          983    i.I2c_CheckDevice   eeprom_drv.o
    0x08001b42   0x08001b42   0x00000002   PAD
    0x08001b44   0x08001b44   0x00000048   Code   RO          194    i.InitSysParam      store_app.o
    0x08001b8c   0x08001b8c   0x00000054   Code   RO         1057    i.KeyDrvInit        key_drv.o
    0x08001be0   0x08001be0   0x00000108   Code   RO         1058    i.KeyScan           key_drv.o
    0x08001ce8   0x08001ce8   0x00000070   Code   RO          780    i.LedDrvInit        led_drv.o
    0x08001d58   0x08001d58   0x00000048   Code   RO          311    i.MainUI            hmi_app.o
    0x08001da0   0x08001da0   0x00000050   Code   RO         1082    i.Max7219Init       max7219_drv.o
    0x08001df0   0x08001df0   0x0000002c   Code   RO         1083    i.Max7219_GPIO_Config  max7219_drv.o
    0x08001e1c   0x08001e1c   0x00000020   Code   RO          913    i.MedianAvgFltr     acdc_drv .o
    0x08001e3c   0x08001e3c   0x00000004   Code   RO          653    i.MemManage_Handler  stm32f10x_it.o
    0x08001e40   0x08001e40   0x00000024   Code   RO          357    i.ModbusAppInit     modbus_app.o
    0x08001e64   0x08001e64   0x00000018   Code   RO          358    i.ModbusGetHumi     modbus_app.o
    0x08001e7c   0x08001e7c   0x00000012   Code   RO          359    i.ModbusGetLightNum  modbus_app.o
    0x08001e8e   0x08001e8e   0x00000002   PAD
    0x08001e90   0x08001e90   0x00000020   Code   RO          360    i.ModbusGetPhaseVol  modbus_app.o
    0x08001eb0   0x08001eb0   0x00000012   Code   RO          361    i.ModbusGetTemp     modbus_app.o
    0x08001ec2   0x08001ec2   0x00000016   Code   RO          362    i.ModbusSetLed1     modbus_app.o
    0x08001ed8   0x08001ed8   0x00000016   Code   RO          363    i.ModbusSetLed2     modbus_app.o
    0x08001eee   0x08001eee   0x00000002   PAD
    0x08001ef0   0x08001ef0   0x00000024   Code   RO          627    i.ModbusSlaveInit   modbus_slave.o
    0x08001f14   0x08001f14   0x00000008   Code   RO          364    i.ModbusTask        modbus_app.o
    0x08001f1c   0x08001f1c   0x00000002   Code   RO          654    i.NMI_Handler       stm32f10x_it.o
    0x08001f1e   0x08001f1e   0x00000002   PAD
    0x08001f20   0x08001f20   0x00000070   Code   RO         1320    i.NVIC_Init         misc.o
    0x08001f90   0x08001f90   0x00000014   Code   RO         1321    i.NVIC_PriorityGroupConfig  misc.o
    0x08001fa4   0x08001fa4   0x00000002   Code   RO          655    i.PVD_IRQHandler    stm32f10x_it.o
    0x08001fa6   0x08001fa6   0x00000002   PAD
    0x08001fa8   0x08001fa8   0x0000000c   Code   RO         2825    i.PWR_BackupAccessCmd  stm32f10x_pwr.o
    0x08001fb4   0x08001fb4   0x00000002   Code   RO          656    i.PendSV_Handler    stm32f10x_it.o
    0x08001fb6   0x08001fb6   0x00000002   PAD
    0x08001fb8   0x08001fb8   0x00000030   Code   RO          914    i.PushDataToBuf     acdc_drv .o
    0x08001fe8   0x08001fe8   0x00000018   Code   RO         2885    i.RCC_ADCCLKConfig  stm32f10x_rcc.o
    0x08002000   0x08002000   0x00000020   Code   RO         2886    i.RCC_AHBPeriphClockCmd  stm32f10x_rcc.o
    0x08002020   0x08002020   0x00000020   Code   RO         2887    i.RCC_APB1PeriphClockCmd  stm32f10x_rcc.o
    0x08002040   0x08002040   0x00000020   Code   RO         2888    i.RCC_APB1PeriphResetCmd  stm32f10x_rcc.o
    0x08002060   0x08002060   0x00000020   Code   RO         2889    i.RCC_APB2PeriphClockCmd  stm32f10x_rcc.o
    0x08002080   0x08002080   0x00000020   Code   RO         2890    i.RCC_APB2PeriphResetCmd  stm32f10x_rcc.o
    0x080020a0   0x080020a0   0x0000000c   Code   RO         2892    i.RCC_BackupResetCmd  stm32f10x_rcc.o
    0x080020ac   0x080020ac   0x000000d4   Code   RO         2897    i.RCC_GetClocksFreq  stm32f10x_rcc.o
    0x08002180   0x08002180   0x0000003c   Code   RO         2898    i.RCC_GetFlagStatus  stm32f10x_rcc.o
    0x080021bc   0x080021bc   0x00000034   Code   RO         2905    i.RCC_LSEConfig     stm32f10x_rcc.o
    0x080021f0   0x080021f0   0x0000000c   Code   RO         2912    i.RCC_RTCCLKCmd     stm32f10x_rcc.o
    0x080021fc   0x080021fc   0x00000010   Code   RO         2913    i.RCC_RTCCLKConfig  stm32f10x_rcc.o
    0x0800220c   0x0800220c   0x00000014   Code   RO         3087    i.RTC_EnterConfigMode  stm32f10x_rtc.o
    0x08002220   0x08002220   0x00000014   Code   RO         3088    i.RTC_ExitConfigMode  stm32f10x_rtc.o
    0x08002234   0x08002234   0x00000014   Code   RO         3089    i.RTC_GetCounter    stm32f10x_rtc.o
    0x08002248   0x08002248   0x0000001c   Code   RO         3095    i.RTC_SetCounter    stm32f10x_rtc.o
    0x08002264   0x08002264   0x00000020   Code   RO         3096    i.RTC_SetPrescaler  stm32f10x_rtc.o
    0x08002284   0x08002284   0x00000014   Code   RO         3097    i.RTC_WaitForLastTask  stm32f10x_rtc.o
    0x08002298   0x08002298   0x00000024   Code   RO         3098    i.RTC_WaitForSynchro  stm32f10x_rtc.o
    0x080022bc   0x080022bc   0x00000036   Code   RO          195    i.ReadDataWithCheck  store_app.o
    0x080022f2   0x080022f2   0x0000007e   Code   RO          984    i.ReadEepromData    eeprom_drv.o
    0x08002370   0x08002370   0x0000006c   Code   RO          365    i.ReadRegsCb        modbus_app.o
    0x080023dc   0x080023dc   0x0000002a   Code   RO          196    i.ReadSysParam      store_app.o
    0x08002406   0x08002406   0x00000002   PAD
    0x08002408   0x08002408   0x00000090   Code   RO          197    i.RecordLightningProc  store_app.o
    0x08002498   0x08002498   0x000000bc   Code   RO         1170    i.RtcDrvInit        rtc_drv.o
    0x08002554   0x08002554   0x00000002   Code   RO          657    i.SVC_Handler       stm32f10x_it.o
    0x08002556   0x08002556   0x0000000c   Code   RO          818    i.SensorDrvInit     sensor_drv.o
    0x08002562   0x08002562   0x0000000c   Code   RO          819    i.SensorDrvProc     sensor_drv.o
    0x0800256e   0x0800256e   0x00000008   Code   RO          178    i.Sensor_Task       sensor_app.o
    0x08002576   0x08002576   0x00000002   PAD
    0x08002578   0x08002578   0x00000054   Code   RO          198    i.SetModbusAddrParam  store_app.o
    0x080025cc   0x080025cc   0x0000003c   Code   RO          199    i.SetModbusBaudParam  store_app.o
    0x08002608   0x08002608   0x00000008   Code   RO         4287    i.SetSysClock       system_stm32f10x.o
    0x08002610   0x08002610   0x000000e0   Code   RO         4288    i.SetSysClockTo72   system_stm32f10x.o
    0x080026f0   0x080026f0   0x00000040   Code   RO          200    i.StoreSurgeNum     store_app.o
    0x08002730   0x08002730   0x00000032   Code   RO          201    i.StoreSurgeParam   store_app.o
    0x08002762   0x08002762   0x0000000e   Code   RO          202    i.StoreTask         store_app.o
    0x08002770   0x08002770   0x00000094   Code   RO         1109    i.SurgeAdcInit      integrator_drv.o
    0x08002804   0x08002804   0x00000010   Code   RO         1110    i.SurgeChannelAdc_Init  integrator_drv.o
    0x08002814   0x08002814   0x00000024   Code   RO         1111    i.SurgeGpioInit     integrator_drv.o
    0x08002838   0x08002838   0x0000002c   Code   RO         1223    i.SwitchInit        portserial.o
    0x08002864   0x08002864   0x00000030   Code   RO          714    i.SysTick_Handler   systick_drv.o
    0x08002894   0x08002894   0x00000068   Code   RO          715    i.SysTick_Init      systick_drv.o
    0x080028fc   0x080028fc   0x00000060   Code   RO         4290    i.SystemInit        system_stm32f10x.o
    0x0800295c   0x0800295c   0x00000028   Code   RO         1285    i.TIM5_IRQHandler   porttimer.o
    0x08002984   0x08002984   0x00000006   Code   RO         3515    i.TIM_ClearFlag     stm32f10x_tim.o
    0x0800298a   0x0800298a   0x00000006   Code   RO         3516    i.TIM_ClearITPendingBit  stm32f10x_tim.o
    0x08002990   0x08002990   0x00000018   Code   RO         3521    i.TIM_Cmd           stm32f10x_tim.o
    0x080029a8   0x080029a8   0x000001e8   Code   RO         3526    i.TIM_DeInit        stm32f10x_tim.o
    0x08002b90   0x08002b90   0x00000022   Code   RO         3542    i.TIM_GetITStatus   stm32f10x_tim.o
    0x08002bb2   0x08002bb2   0x00000012   Code   RO         3546    i.TIM_ITConfig      stm32f10x_tim.o
    0x08002bc4   0x08002bc4   0x00000004   Code   RO         3586    i.TIM_SetCounter    stm32f10x_tim.o
    0x08002bc8   0x08002bc8   0x000000a4   Code   RO         3592    i.TIM_TimeBaseInit  stm32f10x_tim.o
    0x08002c6c   0x08002c6c   0x00000038   Code   RO            4    i.TaskHandler       main.o
    0x08002ca4   0x08002ca4   0x00000068   Code   RO            5    i.TaskScheduleCb    main.o
    0x08002d0c   0x08002d0c   0x0000000c   Code   RO          716    i.TaskScheduleCbReg  systick_drv.o
    0x08002d18   0x08002d18   0x00000008   Code   RO          855    i.TempSensorProc    dht11_drv.o
    0x08002d20   0x08002d20   0x00000054   Code   RO          781    i.ToggleLed         led_drv.o
    0x08002d74   0x08002d74   0x0000000c   Code   RO         1112    i.TriggerDrvInit    integrator_drv.o
    0x08002d80   0x08002d80   0x00000058   Code   RO         1113    i.TriggerExtiInit   integrator_drv.o
    0x08002dd8   0x08002dd8   0x00000028   Code   RO         1114    i.TriggerGpioInit   integrator_drv.o
    0x08002e00   0x08002e00   0x00000030   Code   RO          782    i.TurnOffLed        led_drv.o
    0x08002e30   0x08002e30   0x00000030   Code   RO          783    i.TurnOnLed         led_drv.o
    0x08002e60   0x08002e60   0x00000044   Code   RO         1224    i.USART1_IRQHandler  portserial.o
    0x08002ea4   0x08002ea4   0x00000012   Code   RO         4053    i.USART_ClearFlag   stm32f10x_usart.o
    0x08002eb6   0x08002eb6   0x0000001e   Code   RO         4054    i.USART_ClearITPendingBit  stm32f10x_usart.o
    0x08002ed4   0x08002ed4   0x00000018   Code   RO         4057    i.USART_Cmd         stm32f10x_usart.o
    0x08002eec   0x08002eec   0x0000009c   Code   RO         4059    i.USART_DeInit      stm32f10x_usart.o
    0x08002f88   0x08002f88   0x0000001a   Code   RO         4060    i.USART_GetFlagStatus  stm32f10x_usart.o
    0x08002fa2   0x08002fa2   0x00000054   Code   RO         4061    i.USART_GetITStatus  stm32f10x_usart.o
    0x08002ff6   0x08002ff6   0x0000004a   Code   RO         4063    i.USART_ITConfig    stm32f10x_usart.o
    0x08003040   0x08003040   0x000000d8   Code   RO         4064    i.USART_Init        stm32f10x_usart.o
    0x08003118   0x08003118   0x0000000a   Code   RO         4071    i.USART_ReceiveData  stm32f10x_usart.o
    0x08003122   0x08003122   0x00000008   Code   RO         4074    i.USART_SendData    stm32f10x_usart.o
    0x0800312a   0x0800312a   0x00000002   PAD
    0x0800312c   0x0800312c   0x00000070   Code   RO         1225    i.UartInit          portserial.o
    0x0800319c   0x0800319c   0x00000004   Code   RO          658    i.UsageFault_Handler  stm32f10x_it.o
    0x080031a0   0x080031a0   0x00000080   Code   RO          312    i.V_change          hmi_app.o
    0x08003220   0x08003220   0x0000009c   Code   RO         1084    i.Write7219         max7219_drv.o
    0x080032bc   0x080032bc   0x00000028   Code   RO          203    i.WriteDataWithCheck  store_app.o
    0x080032e4   0x080032e4   0x00000096   Code   RO          985    i.WriteEepromData   eeprom_drv.o
    0x0800337a   0x0800337a   0x00000002   PAD
    0x0800337c   0x0800337c   0x0000008c   Code   RO          366    i.WriteRegsCb       modbus_app.o
    0x08003408   0x08003408   0x0000002c   Code   RO          204    i.WriteSysParam     store_app.o
    0x08003434   0x08003434   0x0000009c   Code   RO         4329    i.__aeabi_assert    retarget_io.o
    0x080034d0   0x080034d0   0x0000000e   Code   RO         4461    i.__scatterload_copy  mc_w.l(handlers.o)
    0x080034de   0x080034de   0x00000002   Code   RO         4462    i.__scatterload_null  mc_w.l(handlers.o)
    0x080034e0   0x080034e0   0x0000000e   Code   RO         4463    i.__scatterload_zeroinit  mc_w.l(handlers.o)
    0x080034ee   0x080034ee   0x00000004   Code   RO         4331    i.abort             retarget_io.o
    0x080034f2   0x080034f2   0x00000002   PAD
    0x080034f4   0x080034f4   0x00000028   Code   RO          439    i.eMBEnable         mb.o
    0x0800351c   0x0800351c   0x00000086   Code   RO          503    i.eMBFuncReadHoldingRegister  mbfuncholding.o
    0x080035a2   0x080035a2   0x0000003e   Code   RO          504    i.eMBFuncWriteHoldingRegister  mbfuncholding.o
    0x080035e0   0x080035e0   0x0000006a   Code   RO          505    i.eMBFuncWriteMultipleHoldingRegister  mbfuncholding.o
    0x0800364a   0x0800364a   0x00000002   PAD
    0x0800364c   0x0800364c   0x000000e0   Code   RO          440    i.eMBInit           mb.o
    0x0800372c   0x0800372c   0x00000150   Code   RO          441    i.eMBPoll           mb.o
    0x0800387c   0x0800387c   0x00000050   Code   RO          565    i.eMBRTUInit        mbrtu.o
    0x080038cc   0x080038cc   0x000000a4   Code   RO          566    i.eMBRTUReceive     mbrtu.o
    0x08003970   0x08003970   0x000000a8   Code   RO          567    i.eMBRTUSend        mbrtu.o
    0x08003a18   0x08003a18   0x0000001c   Code   RO          568    i.eMBRTUStart       mbrtu.o
    0x08003a34   0x08003a34   0x00000010   Code   RO          569    i.eMBRTUStop        mbrtu.o
    0x08003a44   0x08003a44   0x0000003c   Code   RO          628    i.eMBRegHoldingCB   modbus_slave.o
    0x08003a80   0x08003a80   0x0000001c   Code   RO          443    i.eMBSetSlaveAddr   mb.o
    0x08003a9c   0x08003a9c   0x00000020   Code   RO         4333    i.fputc             retarget_io.o
    0x08003abc   0x08003abc   0x00000018   Code   RO         4390    i.fputs             mc_w.l(fputs.o)
    0x08003ad4   0x08003ad4   0x00000014   Code   RO            6    i.main              main.o
    0x08003ae8   0x08003ae8   0x00000022   Code   RO          527    i.prveMBError2Exception  mbutils.o
    0x08003b0a   0x08003b0a   0x00000002   PAD
    0x08003b0c   0x08003b0c   0x00000010   Code   RO         1286    i.prvvTIMERExpiredISR  porttimer.o
    0x08003b1c   0x08003b1c   0x00000010   Code   RO         1226    i.prvvUARTRxISR     portserial.o
    0x08003b2c   0x08003b2c   0x00000010   Code   RO         1227    i.prvvUARTTxReadyISR  portserial.o
    0x08003b3c   0x08003b3c   0x00000004   Code   RO         4334    i.stderr_putchar    retarget_io.o
    0x08003b40   0x08003b40   0x00000038   Code   RO          551    i.usMBCRC16         mbcrc.o
    0x08003b78   0x08003b78   0x00000070   Code   RO         1228    i.vMBPortSerialEnable  portserial.o
    0x08003be8   0x08003be8   0x0000002c   Code   RO         1311    i.vMBPortTimersDisable  porttimer.o
    0x08003c14   0x08003c14   0x0000002c   Code   RO         1305    i.vMBPortTimersEnable  porttimer.o
    0x08003c40   0x08003c40   0x00000024   Code   RO         1196    i.xMBPortEventGet   portevent.o
    0x08003c64   0x08003c64   0x00000010   Code   RO         1197    i.xMBPortEventInit  portevent.o
    0x08003c74   0x08003c74   0x00000018   Code   RO         1198    i.xMBPortEventPost  portevent.o
    0x08003c8c   0x08003c8c   0x00000018   Code   RO         1229    i.xMBPortSerialGetByte  portserial.o
    0x08003ca4   0x08003ca4   0x00000020   Code   RO         1230    i.xMBPortSerialInit  portserial.o
    0x08003cc4   0x08003cc4   0x00000018   Code   RO         1231    i.xMBPortSerialPutByte  portserial.o
    0x08003cdc   0x08003cdc   0x00000074   Code   RO         1287    i.xMBPortTimersInit  porttimer.o
    0x08003d50   0x08003d50   0x000000d8   Code   RO          570    i.xMBRTUReceiveFSM  mbrtu.o
    0x08003e28   0x08003e28   0x00000088   Code   RO          571    i.xMBRTUTimerT35Expired  mbrtu.o
    0x08003eb0   0x08003eb0   0x000000c0   Code   RO          572    i.xMBRTUTransmitFSM  mbrtu.o
    0x08003f70   0x08003f70   0x0000000c   Data   RO          206    .constdata          store_app.o
    0x08003f7c   0x08003f7c   0x0000000a   Data   RO          314    .constdata          hmi_app.o
    0x08003f86   0x08003f86   0x00000002   PAD
    0x08003f88   0x08003f88   0x00000010   Data   RO          367    .constdata          modbus_app.o
    0x08003f98   0x08003f98   0x00000200   Data   RO          552    .constdata          mbcrc.o
    0x08004198   0x08004198   0x0000000c   Data   RO         4448    .constdata          mc_w.l(localtime_i.o)
    0x080041a4   0x080041a4   0x00000063   Data   RO          574    .conststring        mbrtu.o
    0x08004207   0x08004207   0x00000001   PAD
    0x08004208   0x08004208   0x00000020   Data   RO         4459    Region$$Table       anon$$obj.o


    Execution Region RW_IRAM1 (Exec base: 0x20000000, Load base: 0x08004228, Size: 0x00001478, Max: 0x0000c000, ABSOLUTE, COMPRESSED[0x000000a4])

    Exec Addr    Load Addr    Size         Type   Attr      Idx    E Section Name        Object

    0x20000000   COMPRESSED   0x00000030   Data   RW            7    .data               main.o
    0x20000030   COMPRESSED   0x00000001   Data   RW          207    .data               store_app.o
    0x20000031   COMPRESSED   0x00000003   PAD
    0x20000034   COMPRESSED   0x00000010   Data   RW          315    .data               hmi_app.o
    0x20000044   COMPRESSED   0x00000060   Data   RW          368    .data               modbus_app.o
    0x200000a4   COMPRESSED   0x000000b5   Data   RW          444    .data               mb.o
    0x20000159   COMPRESSED   0x00000003   PAD
    0x2000015c   COMPRESSED   0x0000000c   Data   RW          575    .data               mbrtu.o
    0x20000168   COMPRESSED   0x00000008   Data   RW          629    .data               modbus_slave.o
    0x20000170   COMPRESSED   0x0000000c   Data   RW          718    .data               systick_drv.o
    0x2000017c   COMPRESSED   0x00000018   Data   RW          784    .data               led_drv.o
    0x20000194   COMPRESSED   0x00000004   Data   RW          856    .data               dht11_drv.o
    0x20000198   COMPRESSED   0x0000000a   Data   RW          916    .data               acdc_drv .o
    0x200001a2   COMPRESSED   0x00000002   PAD
    0x200001a4   COMPRESSED   0x00000024   Data   RW         1060    .data               key_drv.o
    0x200001c8   COMPRESSED   0x00000008   Data   RW         1115    .data               integrator_drv.o
    0x200001d0   COMPRESSED   0x00000002   Data   RW         1199    .data               portevent.o
    0x200001d2   COMPRESSED   0x00000002   PAD
    0x200001d4   COMPRESSED   0x00000014   Data   RW         1232    .data               portserial.o
    0x200001e8   COMPRESSED   0x00000014   Data   RW         2917    .data               stm32f10x_rcc.o
    0x200001fc   COMPRESSED   0x00000014   Data   RW         4291    .data               system_stm32f10x.o
    0x20000210   COMPRESSED   0x00000004   Data   RW         4394    .data               mc_w.l(stderr.o)
    0x20000214        -       0x00000016   Zero   RW          205    .bss                store_app.o
    0x2000022a        -       0x000000c8   Zero   RW          313    .bss                hmi_app.o
    0x200002f2        -       0x00000100   Zero   RW          573    .bss                mbrtu.o
    0x200003f2   COMPRESSED   0x00000002   PAD
    0x200003f4        -       0x00000020   Zero   RW          915    .bss                acdc_drv .o
    0x20000414   COMPRESSED   0x00000004   PAD
    0x20000418        -       0x00000030   Zero   RW         1059    .bss                key_drv.o
    0x20000448        -       0x0000002c   Zero   RW         4445    .bss                mc_w.l(localtime_w.o)
    0x20000474   COMPRESSED   0x00000004   PAD
    0x20000478        -       0x00001000   Zero   RW         4321    STACK               startup_stm32f10x_hd.o


==============================================================================

Image component sizes


      Code (inc. data)   RO Data    RW Data    ZI Data      Debug   Object Name

       680         76          0         10         32       7366   acdc_drv .o
       124         16          0          0          0       1822   delay.o
       560         48          0          4          0       6154   dht11_drv.o
       850         42          0          0          0       9004   eeprom_drv.o
       896         96         10         16        200      20448   hmi_app.o
       512         46          0          8          0       6433   integrator_drv.o
       382         16          0         36         48       3109   key_drv.o
       292         20          0         24          0       3250   led_drv.o
       254         16          0         48          0     279271   main.o
       280         12          0          0          0       1902   max7219_drv.o
       628        136          0        181          0       5782   mb.o
        56          8        512          0          0       1400   mbcrc.o
       302          0          0          0          0       4217   mbfuncholding.o
      1000        306         99         12        256       6759   mbrtu.o
        34          0          0          0          0        640   mbutils.o
       132         22          0          0          0       1731   misc.o
       428         18         16         96          0      10966   modbus_app.o
        96         10          0          8          0       2148   modbus_slave.o
        76         24          0          2          0       2412   portevent.o
       516         54          0         20          0       6860   portserial.o
       260         28          0          0          0       2891   porttimer.o
       196         52          0          0          0       3549   retarget_io.o
       238          4          0          0          0       2706   rtc_drv.o
         8          0          0          0          0        518   sensor_app.o
        54          0          0          0          0       2196   sensor_drv.o
        36          8        304          0       4096        876   startup_stm32f10x_hd.o
       582         24          0          0          0      12006   stm32f10x_adc.o
        72         10          0          0          0       2944   stm32f10x_bkp.o
       416          8          0          0          0       3682   stm32f10x_dma.o
       200         18          0          0          0       2368   stm32f10x_exti.o
       378          4          0          0          0       5306   stm32f10x_gpio.o
        26          0          0          0          0       4537   stm32f10x_it.o
        12          6          0          0          0        574   stm32f10x_pwr.o
       548         82          0         20          0      10323   stm32f10x_rcc.o
       176         34          0          0          0       3979   stm32f10x_rtc.o
       744        106          0          0          0       5996   stm32f10x_tim.o
       646         28          0          0          0       8680   stm32f10x_usart.o
       762         66         12          1         22      12939   store_app.o
       328         28          0         20          0       2473   system_stm32f10x.o
       176         32          0         12          0      18260   systick_drv.o

    ----------------------------------------------------------------------
     13994       1504        988        528       4660     488477   Object Totals
         0          0         32          0          0          0   (incl. Generated)
        38          0          3         10          6          0   (incl. Padding)

    ----------------------------------------------------------------------

      Code (inc. data)   RO Data    RW Data    ZI Data      Debug   Library Member Name

        86          0          0          0          0          0   __dczerorl2.o
         0          0          0          0          0          0   entry.o
         0          0          0          0          0          0   entry10a.o
         0          0          0          0          0          0   entry11a.o
         8          4          0          0          0          0   entry2.o
         4          0          0          0          0          0   entry5.o
         0          0          0          0          0          0   entry7b.o
         0          0          0          0          0          0   entry8b.o
         8          4          0          0          0          0   entry9a.o
        24          0          0          0          0         80   fputs.o
        30          0          0          0          0          0   handlers.o
        36          8          0          0          0         68   init.o
         0          0          0          0          0          0   iusefp.o
        30          0          0          0          0         68   llshl.o
        32          0          0          0          0         68   llushr.o
       140          6         12          0          0         76   localtime_i.o
        12          6          0          0         44         68   localtime_w.o
        36          0          0          0          0        108   memseta.o
       156          0          0          0          0         88   qsort.o
         0          0          0          4          0          0   stderr.o
       222          0          0          0          0        100   ddiv.o
       186          0          0          0          0        176   depilogue.o
        50          0          0          0          0         76   dfixui.o
        26          0          0          0          0         76   dfltui.o
       228          0          0          0          0         96   dmul.o
       176          0          0          0          0        140   fadd.o
       124          0          0          0          0         88   fdiv.o
       110          0          0          0          0        168   fepilogue.o
        50          0          0          0          0         68   ffixi.o
        40          0          0          0          0         68   ffixui.o
        18          0          0          0          0         68   fflti.o
        10          0          0          0          0         68   ffltui.o
       100          0          0          0          0         76   fmul.o

    ----------------------------------------------------------------------
      1942         28         12          4         48       1892   Library Totals
         0          0          0          0          4          0   (incl. Padding)

    ----------------------------------------------------------------------

      Code (inc. data)   RO Data    RW Data    ZI Data      Debug   Library Name

       602         28         12          4         44        624   mc_w.l
      1340          0          0          0          0       1268   mf_w.l

    ----------------------------------------------------------------------
      1942         28         12          4         48       1892   Library Totals

    ----------------------------------------------------------------------

==============================================================================


      Code (inc. data)   RO Data    RW Data    ZI Data      Debug   

     15936       1532       1000        532       4708     478173   Grand Totals
     15936       1532       1000        164       4708     478173   ELF Image Totals (compressed)
     15936       1532       1000        164          0          0   ROM Totals

==============================================================================

    Total RO  Size (Code + RO Data)                16936 (  16.54kB)
    Total RW  Size (RW Data + ZI Data)              5240 (   5.12kB)
    Total ROM Size (Code + RO Data + RW Data)      17100 (  16.70kB)

==============================================================================

